Component: ARM Compiler 5.06 update 4 (build 422) Tool: armlink [4d35d2]

==============================================================================

Section Cross References

    main.o(i.AutoTimerCallback) refers to _printf_percent.o(.ARM.Collect$$_printf_percent$$00000000) for _printf_percent
    main.o(i.AutoTimerCallback) refers to _printf_d.o(.ARM.Collect$$_printf_percent$$00000009) for _printf_d
    main.o(i.AutoTimerCallback) refers to _printf_s.o(.ARM.Collect$$_printf_percent$$00000014) for _printf_s
    main.o(i.AutoTimerCallback) refers to _printf_dec.o(.text) for _printf_int_dec
    main.o(i.AutoTimerCallback) refers to _printf_str.o(.text) for _printf_str
    main.o(i.AutoTimerCallback) refers to port.o(i.vPortEnterCritical) for vPortEnterCritical
    main.o(i.AutoTimerCallback) refers to can.o(i.Uavcan_Broadcast_Distance) for Uavcan_Broadcast_Distance
    main.o(i.AutoTimerCallback) refers to port.o(i.vPortExitCritical) for vPortExitCritical
    main.o(i.AutoTimerCallback) refers to noretval__2printf.o(.text) for __2printf
    main.o(i.AutoTimerCallback) refers to stm32f10x_adc.o(i.ADC_SoftwareStartConvCmd) for ADC_SoftwareStartConvCmd
    main.o(i.AutoTimerCallback) refers to delay.o(i.delay_xms) for delay_xms
    main.o(i.AutoTimerCallback) refers to main.o(.bss) for gSensor
    main.o(i.Board_Init) refers to stm32f10x_rcc.o(i.RCC_APB2PeriphClockCmd) for RCC_APB2PeriphClockCmd
    main.o(i.Board_Init) refers to stm32f10x_gpio.o(i.GPIO_Init) for GPIO_Init
    main.o(i.LED_task) refers to inv_mpu.o(i.mpu_init) for mpu_init
    main.o(i.LED_task) refers to mpu9250.o(i.DMPSetup) for DMPSetup
    main.o(i.LED_task) refers to inv_mpu_dmp_motion_driver.o(i.dmp_load_motion_driver_firmware) for dmp_load_motion_driver_firmware
    main.o(i.LED_task) refers to ml_math_func.o(i.inv_orientation_matrix_to_scalar) for inv_orientation_matrix_to_scalar
    main.o(i.LED_task) refers to inv_mpu_dmp_motion_driver.o(i.dmp_set_orientation) for dmp_set_orientation
    main.o(i.LED_task) refers to inv_mpu_dmp_motion_driver.o(i.dmp_register_tap_cb) for dmp_register_tap_cb
    main.o(i.LED_task) refers to inv_mpu_dmp_motion_driver.o(i.dmp_register_android_orient_cb) for dmp_register_android_orient_cb
    main.o(i.LED_task) refers to inv_mpu_dmp_motion_driver.o(i.dmp_enable_feature) for dmp_enable_feature
    main.o(i.LED_task) refers to inv_mpu_dmp_motion_driver.o(i.dmp_set_fifo_rate) for dmp_set_fifo_rate
    main.o(i.LED_task) refers to main.o(i.run_self_test) for run_self_test
    main.o(i.LED_task) refers to inv_mpu.o(i.mpu_set_dmp_state) for mpu_set_dmp_state
    main.o(i.LED_task) refers to tasks.o(i.vTaskResume) for vTaskResume
    main.o(i.LED_task) refers to tasks.o(i.vTaskDelay) for vTaskDelay
    main.o(i.LED_task) refers to main.o(.bss) for gSensor
    main.o(i.LED_task) refers to main.o(.data) for int_param
    main.o(i.LED_task) refers to main.o(i.tap_cb) for tap_cb
    main.o(i.LED_task) refers to main.o(i.android_orient_cb) for android_orient_cb
    main.o(i.android_orient_cb) refers to noretval__2printf.o(.text) for __2printf
    main.o(i.event_task) refers to event_groups.o(i.xEventGroupWaitBits) for xEventGroupWaitBits
    main.o(i.event_task) refers to can.o(i.Uavcan_Broadcast) for Uavcan_Broadcast
    main.o(i.event_task) refers to tasks.o(i.vTaskDelay) for vTaskDelay
    main.o(i.event_task) refers to main.o(.data) for EventGroupHandle
    main.o(i.event_task) refers to main.o(.bss) for gSensor
    main.o(i.imu_task) refers to _printf_percent.o(.ARM.Collect$$_printf_percent$$00000000) for _printf_percent
    main.o(i.imu_task) refers to _printf_d.o(.ARM.Collect$$_printf_percent$$00000009) for _printf_d
    main.o(i.imu_task) refers to _printf_dec.o(.text) for _printf_int_dec
    main.o(i.imu_task) refers to tasks.o(i.xTaskGetTickCount) for xTaskGetTickCount
    main.o(i.imu_task) refers to port.o(i.vPortEnterCritical) for vPortEnterCritical
    main.o(i.imu_task) refers to inv_mpu_dmp_motion_driver.o(i.dmp_read_fifo) for dmp_read_fifo
    main.o(i.imu_task) refers to noretval__2printf.o(.text) for __2printf
    main.o(i.imu_task) refers to tasks.o(i.vTaskSuspend) for vTaskSuspend
    main.o(i.imu_task) refers to inv_mpu.o(i.mpu_get_compass_reg) for mpu_get_compass_reg
    main.o(i.imu_task) refers to event_groups.o(i.xEventGroupSetBits) for xEventGroupSetBits
    main.o(i.imu_task) refers to port.o(i.vPortExitCritical) for vPortExitCritical
    main.o(i.imu_task) refers to tasks.o(i.vTaskDelayUntil) for vTaskDelayUntil
    main.o(i.imu_task) refers to main.o(.bss) for gSensor
    main.o(i.imu_task) refers to main.o(.data) for errcode
    main.o(i.interrupt_task) refers to tasks.o(i.vTaskDelay) for vTaskDelay
    main.o(i.interrupt_task) refers to main.o(.data) for total_num
    main.o(i.main) refers to _printf_percent.o(.ARM.Collect$$_printf_percent$$00000000) for _printf_percent
[...]
    canardPopTxQueue                         0x08007659   Thumb Code    22  canard.o(i.canardPopTxQueue)
    canardReleaseRxTransferPayload           0x0800766f   Thumb Code    42  canard.o(i.canardReleaseRxTransferPayload)
    canardRequestOrRespond                   0x08007699   Thumb Code   162  canard.o(i.canardRequestOrRespond)
    canardSetLocalNodeID                     0x0800773d   Thumb Code    48  canard.o(i.canardSetLocalNodeID)
    delay_init                               0x08007a49   Thumb Code    74  delay.o(i.delay_init)
    delay_ms                                 0x08007aa5   Thumb Code    60  delay.o(i.delay_ms)
    delay_us                                 0x08007ae5   Thumb Code    68  delay.o(i.delay_us)
    delay_xms                                0x08007b2d   Thumb Code    24  delay.o(i.delay_xms)
    dmp_enable_6x_lp_quat                    0x08007b45   Thumb Code    60  inv_mpu_dmp_motion_driver.o(i.dmp_enable_6x_lp_quat)
    dmp_enable_feature                       0x08007b81   Thumb Code   530  inv_mpu_dmp_motion_driver.o(i.dmp_enable_feature)
    dmp_enable_gyro_cal                      0x08007d9d   Thumb Code    62  inv_mpu_dmp_motion_driver.o(i.dmp_enable_gyro_cal)
    dmp_enable_lp_quat                       0x08007df5   Thumb Code    60  inv_mpu_dmp_motion_driver.o(i.dmp_enable_lp_quat)
    dmp_load_motion_driver_firmware          0x08007e31   Thumb Code    20  inv_mpu_dmp_motion_driver.o(i.dmp_load_motion_driver_firmware)
    dmp_read_fifo                            0x08007e49   Thumb Code   456  inv_mpu_dmp_motion_driver.o(i.dmp_read_fifo)
    dmp_register_android_orient_cb           0x08008015   Thumb Code    10  inv_mpu_dmp_motion_driver.o(i.dmp_register_android_orient_cb)
    dmp_register_tap_cb                      0x08008025   Thumb Code    10  inv_mpu_dmp_motion_driver.o(i.dmp_register_tap_cb)
    dmp_set_fifo_rate                        0x08008035   Thumb Code    96  inv_mpu_dmp_motion_driver.o(i.dmp_set_fifo_rate)
    dmp_set_orientation                      0x080080a5   Thumb Code   290  inv_mpu_dmp_motion_driver.o(i.dmp_set_orientation)
    dmp_set_shake_reject_thresh              0x080081dd   Thumb Code    56  inv_mpu_dmp_motion_driver.o(i.dmp_set_shake_reject_thresh)
    dmp_set_shake_reject_time                0x08008215   Thumb Code    38  inv_mpu_dmp_motion_driver.o(i.dmp_set_shake_reject_time)
    dmp_set_shake_reject_timeout             0x0800823b   Thumb Code    38  inv_mpu_dmp_motion_driver.o(i.dmp_set_shake_reject_timeout)
    dmp_set_tap_axes                         0x08008261   Thumb Code    70  inv_mpu_dmp_motion_driver.o(i.dmp_set_tap_axes)
    dmp_set_tap_count                        0x080082a7   Thumb Code    38  inv_mpu_dmp_motion_driver.o(i.dmp_set_tap_count)
    dmp_set_tap_thresh                       0x080082cd   Thumb Code   396  inv_mpu_dmp_motion_driver.o(i.dmp_set_tap_thresh)
    dmp_set_tap_time                         0x0800846d   Thumb Code    38  inv_mpu_dmp_motion_driver.o(i.dmp_set_tap_time)
    dmp_set_tap_time_multi                   0x08008493   Thumb Code    38  inv_mpu_dmp_motion_driver.o(i.dmp_set_tap_time_multi)
    eTaskGetState                            0x080084b9   Thumb Code   102  tasks.o(i.eTaskGetState)
    event_task                               0x080086f1   Thumb Code    54  main.o(i.event_task)
    fputc                                    0x08008789   Thumb Code    24  usart.o(i.fputc)
    get_tick_count                           0x08008cdd   Thumb Code    12  delay.o(i.get_tick_count)
    iap_flash_get_baseaddr                   0x08009049   Thumb Code    44  can.o(i.iap_flash_get_baseaddr)
    iap_flash_set_jumpaddr                   0x08009075   Thumb Code   110  can.o(i.iap_flash_set_jumpaddr)
    iap_flash_write                          0x080090f5   Thumb Code   342  can.o(i.iap_flash_write)
    imu_task                                 0x0800925d   Thumb Code   180  main.o(i.imu_task)
    inp                                      0x080093dd   Thumb Code    24  ds18.o(i.inp)
    interrupt_task                           0x080093f9   Thumb Code    22  main.o(i.interrupt_task)
    inv_apply_calibration                    0x08009415   Thumb Code   106  data_builder.o(i.inv_apply_calibration)
    inv_convert_to_body_with_scale           0x0800947f   Thumb Code   114  ml_math_func.o(i.inv_convert_to_body_with_scale)
    inv_orientation_matrix_to_scalar         0x080094f1   Thumb Code    40  ml_math_func.o(i.inv_orientation_matrix_to_scalar)
    inv_q30_mult                             0x08009519   Thumb Code    18  ml_math_func.o(i.inv_q30_mult)
    inv_set_accel_bias                       0x08009579   Thumb Code    66  data_builder.o(i.inv_set_accel_bias)
    inv_set_gyro_bias                        0x080095c9   Thumb Code   102  data_builder.o(i.inv_set_gyro_bias)
    inv_set_message                          0x0800963d   Thumb Code    24  message_layer.o(i.inv_set_message)
    is_xdigit                                0x080096b9   Thumb Code    30  can.o(i.is_xdigit)
    main                                     0x080096d9   Thumb Code   372  main.o(i.main)
    mpu_configure_fifo                       0x080098f9   Thumb Code   106  inv_mpu.o(i.mpu_configure_fifo)
    mpu_get_accel_fsr                        0x08009969   Thumb Code    72  inv_mpu.o(i.mpu_get_accel_fsr)
    mpu_get_accel_sens                       0x080099b5   Thumb Code    78  inv_mpu.o(i.mpu_get_accel_sens)
    mpu_get_compass_reg                      0x08009a09   Thumb Code   208  inv_mpu.o(i.mpu_get_compass_reg)
    mpu_get_fifo_config                      0x08009add   Thumb Code    12  inv_mpu.o(i.mpu_get_fifo_config)
    mpu_get_gyro_fsr                         0x08009aed   Thumb Code    64  inv_mpu.o(i.mpu_get_gyro_fsr)
    mpu_get_gyro_sens                        0x08009b31   Thumb Code    58  inv_mpu.o(i.mpu_get_gyro_sens)
    mpu_get_lpf                              0x08009b81   Thumb Code    74  inv_mpu.o(i.mpu_get_lpf)
    mpu_get_sample_rate                      0x08009bd1   Thumb Code    26  inv_mpu.o(i.mpu_get_sample_rate)
    mpu_init                                 0x08009bf1   Thumb Code   372  inv_mpu.o(i.mpu_init)
    mpu_load_firmware                        0x08009da5   Thumb Code   180  inv_mpu.o(i.mpu_load_firmware)
    mpu_lp_accel_mode                        0x08009e5d   Thumb Code   280  inv_mpu.o(i.mpu_lp_accel_mode)
    mpu_read_fifo_stream                     0x08009f79   Thumb Code   198  inv_mpu.o(i.mpu_read_fifo_stream)
    mpu_read_mem                             0x0800a09d   Thumb Code   122  inv_mpu.o(i.mpu_read_mem)
    mpu_reset_fifo                           0x0800a11d   Thumb Code   450  inv_mpu.o(i.mpu_reset_fifo)
    mpu_run_6500_self_test                   0x0800a2e5   Thumb Code   374  inv_mpu.o(i.mpu_run_6500_self_test)
    mpu_set_accel_fsr                        0x0800a55d   Thumb Code   126  inv_mpu.o(i.mpu_set_accel_fsr)
    mpu_set_bypass                           0x0800a5e1   Thumb Code   328  inv_mpu.o(i.mpu_set_bypass)
    mpu_set_compass_sample_rate              0x0800a72d   Thumb Code    92  inv_mpu.o(i.mpu_set_compass_sample_rate)
    mpu_set_dmp_state                        0x0800a78d   Thumb Code   138  inv_mpu.o(i.mpu_set_dmp_state)
    mpu_set_gyro_fsr                         0x0800a81d   Thumb Code   132  inv_mpu.o(i.mpu_set_gyro_fsr)
    mpu_set_int_latched                      0x0800a8a5   Thumb Code   102  inv_mpu.o(i.mpu_set_int_latched)
    mpu_set_lpf                              0x0800a911   Thumb Code   126  inv_mpu.o(i.mpu_set_lpf)
    mpu_set_sample_rate                      0x0800a995   Thumb Code   174  inv_mpu.o(i.mpu_set_sample_rate)
    mpu_set_sensors                          0x0800aa49   Thumb Code   354  inv_mpu.o(i.mpu_set_sensors)
    mpu_write_mem                            0x0800abb1   Thumb Code   122  inv_mpu.o(i.mpu_write_mem)
    outp                                     0x0800ad05   Thumb Code    24  ds18.o(i.outp)
    pvPortMalloc                             0x0800bb0d   Thumb Code   262  heap_4.o(i.pvPortMalloc)
    pvTaskIncrementMutexHeldCount            0x0800bc61   Thumb Code    26  tasks.o(i.pvTaskIncrementMutexHeldCount)
    pxPortInitialiseStack                    0x0800bc81   Thumb Code    30  port.o(i.pxPortInitialiseStack)
    query_task                               0x0800bca5   Thumb Code   118  main.o(i.query_task)
    start_task                               0x0800c381   Thumb Code   344  main.o(i.start_task)
    temp_task                                0x0800c731   Thumb Code   118  main.o(i.temp_task)
    tickDelay                                0x0800c7fd   Thumb Code    12  ds18.o(i.tickDelay)
    uart_init                                0x0800c845   Thumb Code   154  usart.o(i.uart_init)
    uavcan_task                              0x0800c8e9   Thumb Code   102  main.o(i.uavcan_task)
    uxListRemove                             0x0800c98d   Thumb Code    40  list.o(i.uxListRemove)
    uxTaskGetNumberOfTasks                   0x0800c9b5   Thumb Code     6  tasks.o(i.uxTaskGetNumberOfTasks)
    uxTaskGetSystemState                     0x0800c9c1   Thumb Code   152  tasks.o(i.uxTaskGetSystemState)
    uxTaskResetEventItemValue                0x0800ca71   Thumb Code    24  tasks.o(i.uxTaskResetEventItemValue)
    vListInitialise                          0x0800ca8d   Thumb Code    26  list.o(i.vListInitialise)
    vListInitialiseItem                      0x0800caa7   Thumb Code     6  list.o(i.vListInitialiseItem)
    vListInsert                              0x0800caad   Thumb Code    52  list.o(i.vListInsert)
    vListInsertEnd                           0x0800cae1   Thumb Code    24  list.o(i.vListInsertEnd)
    vPortEnterCritical                       0x0800caf9   Thumb Code    68  port.o(i.vPortEnterCritical)
    vPortExitCritical                        0x0800cb81   Thumb Code    48  port.o(i.vPortExitCritical)
    vPortFree                                0x0800cbf1   Thumb Code   120  heap_4.o(i.vPortFree)
    vPortSetupTimerInterrupt                 0x0800cca9   Thumb Code    26  port.o(i.vPortSetupTimerInterrupt)
    vPortValidateInterruptPriority           0x0800ccc9   Thumb Code    86  port.o(i.vPortValidateInterruptPriority)
    vQueueAddToRegistry                      0x0800cd69   Thumb Code    64  queue.o(i.vQueueAddToRegistry)
    vQueueWaitForMessageRestricted           0x0800cdad   Thumb Code    74  queue.o(i.vQueueWaitForMessageRestricted)
    vTaskDelay                               0x0800cdf9   Thumb Code    80  tasks.o(i.vTaskDelay)
    vTaskDelayUntil                          0x0800ce75   Thumb Code   176  tasks.o(i.vTaskDelayUntil)
    vTaskDelete                              0x0800cf55   Thumb Code   214  tasks.o(i.vTaskDelete)
    vTaskGetInfo                             0x0800d079   Thumb Code   114  tasks.o(i.vTaskGetInfo)
    vTaskMissedYield                         0x0800d0f1   Thumb Code     8  tasks.o(i.vTaskMissedYield)
    vTaskPlaceOnEventList                    0x0800d0fd   Thumb Code    42  tasks.o(i.vTaskPlaceOnEventList)
    vTaskPlaceOnEventListRestricted          0x0800d151   Thumb Code    56  tasks.o(i.vTaskPlaceOnEventListRestricted)
    vTaskPlaceOnUnorderedEventList           0x0800d1b1   Thumb Code    80  tasks.o(i.vTaskPlaceOnUnorderedEventList)
    vTaskPriorityInherit                     0x0800d22d   Thumb Code   178  tasks.o(i.vTaskPriorityInherit)
    vTaskResume                              0x0800d2ed   Thumb Code   142  tasks.o(i.vTaskResume)
    vTaskSetTimeOutState                     0x0800d3b1   Thumb Code    32  tasks.o(i.vTaskSetTimeOutState)
    vTaskStartScheduler                      0x0800d3fd   Thumb Code   108  tasks.o(i.vTaskStartScheduler)
    vTaskSuspend                             0x0800d4a9   Thumb Code   202  tasks.o(i.vTaskSuspend)
    vTaskSuspendAll                          0x0800d5b9   Thumb Code    12  tasks.o(i.vTaskSuspendAll)
    vTaskSwitchContext                       0x0800d5c9   Thumb Code   138  tasks.o(i.vTaskSwitchContext)
    xEventGroupCreate                        0x0800d695   Thumb Code    26  event_groups.o(i.xEventGroupCreate)
    xEventGroupSetBits                       0x0800d6b1   Thumb Code   186  event_groups.o(i.xEventGroupSetBits)
    xEventGroupWaitBits                      0x0800d799   Thumb Code   294  event_groups.o(i.xEventGroupWaitBits)
    xPortStartScheduler                      0x0800d8f1   Thumb Code   140  port.o(i.xPortStartScheduler)
    xPortSysTickHandler                      0x0800d991   Thumb Code    46  port.o(i.xPortSysTickHandler)
    xQueueGenericCreate                      0x0800d9c5   Thumb Code    78  queue.o(i.xQueueGenericCreate)
    xQueueGenericReceive                     0x0800da39   Thumb Code   536  queue.o(i.xQueueGenericReceive)
    xQueueGenericReset                       0x0800dc79   Thumb Code   136  queue.o(i.xQueueGenericReset)
    xQueueGenericSend                        0x0800dd29   Thumb Code   458  queue.o(i.xQueueGenericSend)
    xQueueGenericSendFromISR                 0x0800df1d   Thumb Code   270  queue.o(i.xQueueGenericSendFromISR)
    xQueueGiveFromISR                        0x0800e051   Thumb Code   252  queue.o(i.xQueueGiveFromISR)
    xTaskCheckForTimeOut                     0x0800e171   Thumb Code   116  tasks.o(i.xTaskCheckForTimeOut)
    xTaskCreate                              0x0800e211   Thumb Code    96  tasks.o(i.xTaskCreate)
    xTaskGetSchedulerState                   0x0800e271   Thumb Code    24  tasks.o(i.xTaskGetSchedulerState)
    xTaskGetTickCount                        0x0800e291   Thumb Code     6  tasks.o(i.xTaskGetTickCount)
    xTaskGetTickCountFromISR                 0x0800e29d   Thumb Code    16  tasks.o(i.xTaskGetTickCountFromISR)
    xTaskIncrementTick                       0x0800e2b1   Thumb Code   278  tasks.o(i.xTaskIncrementTick)
    xTaskPriorityDisinherit                  0x0800e419   Thumb Code   182  tasks.o(i.xTaskPriorityDisinherit)
    xTaskRemoveFromEventList                 0x0800e501   Thumb Code   124  tasks.o(i.xTaskRemoveFromEventList)
    xTaskRemoveFromUnorderedEventList        0x0800e5b9   Thumb Code   140  tasks.o(i.xTaskRemoveFromUnorderedEventList)
    xTaskResumeAll                           0x0800e67d   Thumb Code   220  tasks.o(i.xTaskResumeAll)
    xTimerCreate                             0x0800e7a1   Thumb Code    48  timers.o(i.xTimerCreate)
    xTimerCreateTimerTask                    0x0800e7d1   Thumb Code    56  timers.o(i.xTimerCreateTimerTask)
    xTimerGenericCommand                     0x0800e845   Thumb Code   118  timers.o(i.xTimerGenericCommand)
    _get_lc_numeric                          0x0800e8e9   Thumb Code    44  lc_numeric_c.o(locale$$code)
    __fpl_dcmp_Inf                           0x0800e915   Thumb Code    24  dcmpi.o(x$fpl$dcmpinf)
    __aeabi_d2iz                             0x0800e92d   Thumb Code     0  dfix.o(x$fpl$dfix)
    _dfix                                    0x0800e92d   Thumb Code    94  dfix.o(x$fpl$dfix)
    __aeabi_i2d                              0x0800e98b   Thumb Code     0  dflt_clz.o(x$fpl$dflt)
    _dflt                                    0x0800e98b   Thumb Code    46  dflt_clz.o(x$fpl$dflt)
    __aeabi_cdcmple                          0x0800e9b9   Thumb Code     0  dleqf.o(x$fpl$dleqf)
    _dcmple                                  0x0800e9b9   Thumb Code   120  dleqf.o(x$fpl$dleqf)
    __fpl_dcmple_InfNaN                      0x0800ea1b   Thumb Code     0  dleqf.o(x$fpl$dleqf)
    __aeabi_dmul                             0x0800ea31   Thumb Code     0  dmul.o(x$fpl$dmul)
    _dmul                                    0x0800ea31   Thumb Code   332  dmul.o(x$fpl$dmul)
    __fpl_dnaninf                            0x0800eb85   Thumb Code   156  dnaninf.o(x$fpl$dnaninf)
    __fpl_dretinf                            0x0800ec21   Thumb Code    12  dretinf.o(x$fpl$dretinf)
    __aeabi_cdrcmple                         0x0800ec2d   Thumb Code     0  drleqf.o(x$fpl$drleqf)
    _drcmple                                 0x0800ec2d   Thumb Code   108  drleqf.o(x$fpl$drleqf)
    __aeabi_f2d                              0x0800ec99   Thumb Code     0  f2d.o(x$fpl$f2d)
    _f2d                                     0x0800ec99   Thumb Code    86  f2d.o(x$fpl$f2d)
    __aeabi_fadd                             0x0800ecf1   Thumb Code     0  faddsub_clz.o(x$fpl$fadd)
    _fadd                                    0x0800ecf1   Thumb Code   196  faddsub_clz.o(x$fpl$fadd)
    __fpl_fcmp_Inf                           0x0800edb5   Thumb Code    24  fcmpi.o(x$fpl$fcmpinf)
    __aeabi_fdiv                             0x0800edcd   Thumb Code     0  fdiv.o(x$fpl$fdiv)
    _fdiv                                    0x0800edcd   Thumb Code   384  fdiv.o(x$fpl$fdiv)
    __aeabi_f2iz                             0x0800ef51   Thumb Code     0  ffix.o(x$fpl$ffix)
    _ffix                                    0x0800ef51   Thumb Code    54  ffix.o(x$fpl$ffix)
    __aeabi_f2uiz                            0x0800ef89   Thumb Code     0  ffixu.o(x$fpl$ffixu)
    _ffixu                                   0x0800ef89   Thumb Code    62  ffixu.o(x$fpl$ffixu)
    __aeabi_i2f                              0x0800efc9   Thumb Code     0  fflt_clz.o(x$fpl$fflt)
    _fflt                                    0x0800efc9   Thumb Code    48  fflt_clz.o(x$fpl$fflt)
    __aeabi_ui2f                             0x0800eff9   Thumb Code     0  fflt_clz.o(x$fpl$ffltu)
    _ffltu                                   0x0800eff9   Thumb Code    38  fflt_clz.o(x$fpl$ffltu)
    __aeabi_cfcmple                          0x0800f021   Thumb Code     0  fleqf.o(x$fpl$fleqf)
    _fcmple                                  0x0800f021   Thumb Code   104  fleqf.o(x$fpl$fleqf)
    __fpl_fcmple_InfNaN                      0x0800f073   Thumb Code     0  fleqf.o(x$fpl$fleqf)
    __aeabi_fmul                             0x0800f089   Thumb Code     0  fmul.o(x$fpl$fmul)
    _fmul                                    0x0800f089   Thumb Code   258  fmul.o(x$fpl$fmul)
    __fpl_fnaninf                            0x0800f18b   Thumb Code   140  fnaninf.o(x$fpl$fnaninf)
    __fpl_fretinf                            0x0800f217   Thumb Code    10  fretinf.o(x$fpl$fretinf)
    __aeabi_cfrcmple                         0x0800f221   Thumb Code     0  frleqf.o(x$fpl$frleqf)
    _frcmple                                 0x0800f221   Thumb Code    98  frleqf.o(x$fpl$frleqf)
    __aeabi_fsub                             0x0800f285   Thumb Code     0  faddsub_clz.o(x$fpl$fsub)
    _fsub                                    0x0800f285   Thumb Code   234  faddsub_clz.o(x$fpl$fsub)
    _printf_fp_dec                           0x0800f36f   Thumb Code     4  printf1.o(x$fpl$printf1)
    ThisVersion                              0x0800f372   Data          38  can.o(.constdata)
    __I$use$fp                               0x0800f372   Number         0  usenofp.o(x$fpl$usenofp)
    reg                                      0x0800f398   Data          42  inv_mpu.o(.constdata)
    hw                                       0x0800f3c2   Data          14  inv_mpu.o(.constdata)
    test                                     0x0800f3d0   Data          48  inv_mpu.o(.constdata)
    SYSVIEW_X_OS_TraceAPI                    0x080101f8   Data           8  segger_sysview_freertos.o(.constdata)
    Region$$Table$$Base                      0x08010380   Number         0  anon$$obj.o(Region$$Table)
    Region$$Table$$Limit                     0x080103a0   Number         0  anon$$obj.o(Region$$Table)
    int_param                                0x20000000   Data           4  main.o(.data)
    QueryTask_Handler                        0x20000010   Data           4  main.o(.data)
    UavcanTask_Handler                       0x20000014   Data           4  main.o(.data)
    StartTask_Handler                        0x20000018   Data           4  main.o(.data)
    LEDTask_Handler                          0x2000001c   Data           4  main.o(.data)
    TEMPTask_Handler                         0x20000020   Data           4  main.o(.data)
    IMUTask_Handler                          0x20000024   Data           4  main.o(.data)
    INTERRUPTTask_Handler                    0x20000028   Data           4  main.o(.data)
    EVENTTASK_Handler                        0x2000002c   Data           4  main.o(.data)
    EventGroupHandle                         0x20000030   Data           4  main.o(.data)
    TIMERCONTROLTASK_Handler                 0x20000034   Data           4  main.o(.data)
    WatchDogTimer_Handle                     0x20000038   Data           4  main.o(.data)
    AutoReloadTimer_Handle                   0x2000003c   Data           4  main.o(.data)
    BinarySemaphore                          0x20000040   Data           4  main.o(.data)
    chk                                      0x20000044   Data           1  main.o(.data)
    g_ul_ms_ticks                            0x20000048   Data           4  main.o(.data)
    SystemCoreClock                          0x20000054   Data           4  system_stm32f10x.o(.data)
    AHBPrescTable                            0x20000058   Data          16  system_stm32f10x.o(.data)
    AutoReturnDataFlag                       0x200000b4   Data           1  can.o(.data)
    UAVCAN_NODE_ID_SELF_ID                   0x200000b5   Data           1  can.o(.data)
    CAN_RX_LEN                               0x200000b6   Data           2  can.o(.data)
    RX_FLAG                                  0x200000b8   Data           1  can.o(.data)
    flash_hex_baseaddr                       0x200000bc   Data           4  can.o(.data)
    transfer_id                              0x200000c0   Data           1  can.o(.data)
    __stdout                                 0x20000104   Data           4  usart.o(.data)
    USART_RX_STA                             0x20000108   Data           2  usart.o(.data)
    pxCurrentTCB                             0x20000120   Data           4  tasks.o(.data)
    gSensor                                  0x200001cc   Data         312  main.o(.bss)
    cantxframe                               0x20000308   Data          20  can.o(.bss)
    CAN_rx_buf                               0x2000031c   Data         150  can.o(.bss)
    CAN_tx_buf                               0x200003b2   Data         150  can.o(.bss)
    IAP_BUFFER                               0x20000448   Data          40  can.o(.bss)
    canard                                   0x20000470   Data          36  can.o(.bss)
    canard_memory_pool                       0x20000494   Data        1024  can.o(.bss)
    RxMessage                                0x200008b8   Data          20  can.o(.bss)
    USART_RX_BUF                             0x20000bf0   Data         200  usart.o(.bss)
    xQueueRegistry                           0x20000cb8   Data          64  queue.o(.bss)
    _SEGGER_RTT                              0x2000b0a4   Data         168  segger_rtt.o(.bss)
    __libspace_start                         0x2000ba68   Data          96  libspace.o(.bss)
    __temporary_stack_top$libspace           0x2000bac8   Data           0  libspace.o(.bss)



==============================================================================

Memory Map of the image

  Image Entry point : 0x080002d1

  Load Region LR_1 (Base: 0x08000000, Size: 0x00010564, Max: 0xffffffff, ABSOLUTE, COMPRESSED[0x0001043c])

    Execution Region ER_RO (Base: 0x08000000, Size: 0x000103bc, Max: 0xffffffff, ABSOLUTE)

    Base Addr    Size         Type   Attr      Idx    E Section Name        Object

    0x08000000   0x00000130   Data   RO         2989    RESET               startup_stm32f10x_hd.o
    0x08000130   0x00000008   Code   RO         6813  * !!!main             c_w.l(__main.o)
    0x08000138   0x00000034   Code   RO         7216    !!!scatter          c_w.l(__scatter.o)
    0x0800016c   0x0000005a   Code   RO         7214    !!dczerorl2         c_w.l(__dczerorl2.o)
    0x080001c6   0x00000002   PAD
    0x080001c8   0x0000001c   Code   RO         7218    !!handler_zi        c_w.l(__scatter_zi.o)
    0x080001e4   0x00000000   Code   RO         6792    .ARM.Collect$$_printf_percent$$00000000  c_w.l(_printf_percent.o)
    0x080001e4   0x00000006   Code   RO         6791    .ARM.Collect$$_printf_percent$$00000003  c_w.l(_printf_f.o)
    0x080001ea   0x00000006   Code   RO         6789    .ARM.Collect$$_printf_percent$$00000009  c_w.l(_printf_d.o)
    0x080001f0   0x00000006   Code   RO         6788    .ARM.Collect$$_printf_percent$$0000000C  c_w.l(_printf_x.o)
    0x080001f6   0x00000006   Code   RO         6787    .ARM.Collect$$_printf_percent$$00000014  c_w.l(_printf_s.o)
    0x080001fc   0x00000004   Code   RO         6930    .ARM.Collect$$_printf_percent$$00000017  c_w.l(_printf_percent_end.o)
    0x08000200   0x00000002   Code   RO         7089    .ARM.Collect$$libinit$$00000000  c_w.l(libinit.o)
    0x08000202   0x00000000   Code   RO         7091    .ARM.Collect$$libinit$$00000002  c_w.l(libinit2.o)
    0x08000202   0x00000000   Code   RO         7093    .ARM.Collect$$libinit$$00000004  c_w.l(libinit2.o)
    0x08000202   0x00000000   Code   RO         7096    .ARM.Collect$$libinit$$0000000A  c_w.l(libinit2.o)
    0x08000202   0x00000000   Code   RO         7098    .ARM.Collect$$libinit$$0000000C  c_w.l(libinit2.o)
    0x08000202   0x00000000   Code   RO         7100    .ARM.Collect$$libinit$$0000000E  c_w.l(libinit2.o)
    0x08000202   0x00000006   Code   RO         7101    .ARM.Collect$$libinit$$0000000F  c_w.l(libinit2.o)
    0x08000208   0x00000000   Code   RO         7103    .ARM.Collect$$libinit$$00000011  c_w.l(libinit2.o)
    0x08000208   0x00000000   Code   RO         7105    .ARM.Collect$$libinit$$00000013  c_w.l(libinit2.o)
    0x08000208   0x00000000   Code   RO         7107    .ARM.Collect$$libinit$$00000015  c_w.l(libinit2.o)
    0x08000208   0x0000000a   Code   RO         7108    .ARM.Collect$$libinit$$00000016  c_w.l(libinit2.o)
    0x08000212   0x00000000   Code   RO         7109    .ARM.Collect$$libinit$$00000017  c_w.l(libinit2.o)
    0x08000212   0x00000000   Code   RO         7111    .ARM.Collect$$libinit$$00000019  c_w.l(libinit2.o)
    0x08000212   0x00000000   Code   RO         7113    .ARM.Collect$$libinit$$0000001B  c_w.l(libinit2.o)
    0x08000212   0x00000000   Code   RO         7115    .ARM.Collect$$libinit$$0000001D  c_w.l(libinit2.o)
    0x08000212   0x00000000   Code   RO         7117    .ARM.Collect$$libinit$$0000001F  c_w.l(libinit2.o)
    0x08000212   0x00000000   Code   RO         7119    .ARM.Collect$$libinit$$00000021  c_w.l(libinit2.o)
    0x08000212   0x00000000   Code   RO         7121    .ARM.Collect$$libinit$$00000023  c_w.l(libinit2.o)
    0x08000212   0x00000000   Code   RO         7123    .ARM.Collect$$libinit$$00000025  c_w.l(libinit2.o)
    0x08000212   0x00000000   Code   RO         7127    .ARM.Collect$$libinit$$0000002C  c_w.l(libinit2.o)
    0x08000212   0x00000000   Code   RO         7129    .ARM.Collect$$libinit$$0000002E  c_w.l(libinit2.o)
    0x08000212   0x00000000   Code   RO         7131    .ARM.Collect$$libinit$$00000030  c_w.l(libinit2.o)
    0x08000212   0x00000000   Code   RO         7133    .ARM.Collect$$libinit$$00000032  c_w.l(libinit2.o)
    0x08000212   0x00000002   Code   RO         7134    .ARM.Collect$$libinit$$00000033  c_w.l(libinit2.o)
    0x08000214   0x00000002   Code   RO         7194    .ARM.Collect$$libshutdown$$00000000  c_w.l(libshutdown.o)
    0x08000216   0x00000000   Code   RO         7197    .ARM.Collect$$libshutdown$$00000002  c_w.l(libshutdown2.o)
    0x08000216   0x00000000   Code   RO         7199    .ARM.Collect$$libshutdown$$00000004  c_w.l(libshutdown2.o)
    0x08000216   0x00000000   Code   RO         7202    .ARM.Collect$$libshutdown$$00000007  c_w.l(libshutdown2.o)
    0x08000216   0x00000000   Code   RO         7205    .ARM.Collect$$libshutdown$$0000000A  c_w.l(libshutdown2.o)
    0x08000216   0x00000000   Code   RO         7207    .ARM.Collect$$libshutdown$$0000000C  c_w.l(libshutdown2.o)
    0x08000216   0x00000000   Code   RO         7210    .ARM.Collect$$libshutdown$$0000000F  c_w.l(libshutdown2.o)
    0x08000216   0x00000002   Code   RO         7211    .ARM.Collect$$libshutdown$$00000010  c_w.l(libshutdown2.o)
    0x08000218   0x00000000   Code   RO         6913    .ARM.Collect$$rtentry$$00000000  c_w.l(__rtentry.o)
    0x08000218   0x00000000   Code   RO         6989    .ARM.Collect$$rtentry$$00000002  c_w.l(__rtentry2.o)
    0x08000218   0x00000006   Code   RO         7001    .ARM.Collect$$rtentry$$00000004  c_w.l(__rtentry4.o)
    0x0800021e   0x00000000   Code   RO         6991    .ARM.Collect$$rtentry$$00000009  c_w.l(__rtentry2.o)
    0x0800021e   0x00000004   Code   RO         6992    .ARM.Collect$$rtentry$$0000000A  c_w.l(__rtentry2.o)
    0x08000222   0x00000000   Code   RO         6994    .ARM.Collect$$rtentry$$0000000C  c_w.l(__rtentry2.o)
    0x08000222   0x00000008   Code   RO         6995    .ARM.Collect$$rtentry$$0000000D  c_w.l(__rtentry2.o)
    0x0800022a   0x00000002   Code   RO         7139    .ARM.Collect$$rtexit$$00000000  c_w.l(rtexit.o)
    0x0800022c   0x00000000   Code   RO         7156    .ARM.Collect$$rtexit$$00000002  c_w.l(rtexit2.o)
    0x0800022c   0x00000004   Code   RO         7157    .ARM.Collect$$rtexit$$00000003  c_w.l(rtexit2.o)
    0x08000230   0x00000006   Code   RO         7158    .ARM.Collect$$rtexit$$00000004  c_w.l(rtexit2.o)
    0x08000236   0x00000002   PAD
    0x08000238   0x00000096   Code   RO         5911    .emb_text           port.o
    0x080002ce   0x00000002   PAD
    0x080002d0   0x00000040   Code   RO         2990  * .text               startup_stm32f10x_hd.o
    0x08000310   0x00000002   Code   RO         6719    .text               c_w.l(use_no_semi_2.o)
    0x08000312   0x00000026   Code   RO         6723    .text               c_w.l(llushr.o)
    0x08000338   0x00000048   Code   RO         6727    .text               c_w.l(llsdiv.o)
    0x08000380   0x00000018   Code   RO         6733    .text               c_w.l(noretval__2printf.o)
    0x08000398   0x0000004e   Code   RO         6739    .text               c_w.l(_printf_pad.o)
    0x080003e6   0x00000052   Code   RO         6741    .text               c_w.l(_printf_str.o)
    0x08000438   0x00000078   Code   RO         6743    .text               c_w.l(_printf_dec.o)
    0x080004b0   0x00000058   Code   RO         6748    .text               c_w.l(_printf_hex_int.o)
    0x08000508   0x00000160   Code   RO         6781    .text               c_w.l(__printf_ss_wp.o)
    0x08000668   0x00000080   Code   RO         6793    .text               c_w.l(assert.o)
    0x080006e8   0x00000058   Code   RO         6795    .text               c_w.l(memcmp.o)
    0x08000740   0x00000048   Code   RO         6797    .text               c_w.l(strcpy.o)
    0x08000788   0x0000008a   Code   RO         6801    .text               c_w.l(rt_memcpy_v6.o)
    0x08000812   0x00000064   Code   RO         6803    .text               c_w.l(rt_memcpy_w.o)
    0x08000876   0x00000010   Code   RO         6807    .text               c_w.l(aeabi_memset.o)
    0x08000886   0x0000004e   Code   RO         6809    .text               c_w.l(rt_memclr_w.o)
    0x080008d4   0x00000006   Code   RO         6811    .text               c_w.l(heapauxi.o)
    0x080008da   0x00000002   Code   RO         6911    .text               c_w.l(use_no_semi.o)
    0x080008dc   0x000000ee   Code   RO         6914    .text               c_w.l(lludivv7m.o)
    0x080009ca   0x000000b2   Code   RO         6918    .text               c_w.l(_printf_intcommon.o)
    0x08000a7c   0x0000041a   Code   RO         6920    .text               c_w.l(_printf_fp_dec.o)
    0x08000e96   0x00000002   PAD
    0x08000e98   0x00000030   Code   RO         6922    .text               c_w.l(_printf_char_common.o)
    0x08000ec8   0x0000002c   Code   RO         6926    .text               c_w.l(_printf_char.o)
    0x08000ef4   0x00000024   Code   RO         6928    .text               c_w.l(_printf_char_file.o)
    0x08000f18   0x00000016   Code   RO         6931    .text               c_w.l(abort.o)
    0x08000f2e   0x00000014   Code   RO         6933    .text               c_w.l(assert_puts.o)
    0x08000f42   0x00000044   Code   RO         6935    .text               c_w.l(rt_memclr.o)
    0x08000f86   0x00000002   PAD
    0x08000f88   0x00000008   Code   RO         7010    .text               c_w.l(rt_locale_intlibspace.o)
    0x08000f90   0x0000008a   Code   RO         7017    .text               c_w.l(lludiv10.o)
    0x0800101a   0x00000002   PAD
    0x0800101c   0x00000080   Code   RO         7019    .text               c_w.l(_printf_fp_infnan.o)
    0x0800109c   0x000000dc   Code   RO         7023    .text               c_w.l(bigflt0.o)
    0x08001178   0x00000008   Code   RO         7048    .text               c_w.l(ferror.o)
    0x08001180   0x0000000e   Code   RO         7055    .text               c_w.l(defsig_abrt_outer.o)
    0x0800118e   0x00000002   PAD
    0x08001190   0x00000008   Code   RO         7067    .text               c_w.l(libspace.o)
    0x08001198   0x0000004a   Code   RO         7070    .text               c_w.l(sys_stackheap_outer.o)
    0x080011e2   0x00000012   Code   RO         7076    .text               c_w.l(exit.o)
    0x080011f4   0x0000000a   Code   RO         7078    .text               c_w.l(defsig_exit.o)
    0x080011fe   0x00000002   PAD
    0x08001200   0x00000030   Code   RO         7080    .text               c_w.l(defsig_abrt_inner.o)
    0x08001230   0x00000080   Code   RO         7082    .text               c_w.l(strcmpv7m.o)
    0x080012b0   0x00000032   Code   RO         7143    .text               c_w.l(defsig_general.o)
    0x080012e2   0x0000003e   Code   RO         7026    CL$$btod_d2e        c_w.l(btod.o)
    0x08001320   0x00000046   Code   RO         7028    CL$$btod_d2e_denorm_low  c_w.l(btod.o)
    0x08001366   0x00000060   Code   RO         7027    CL$$btod_d2e_norm_op1  c_w.l(btod.o)
    0x080013c6   0x00000338   Code   RO         7036    CL$$btod_div_common  c_w.l(btod.o)
    0x080016fe   0x000000c6   Code   RO         7033    CL$$btod_e2e        c_w.l(btod.o)
    0x080017c4   0x00000028   Code   RO         7030    CL$$btod_ediv       c_w.l(btod.o)
    0x080017ec   0x00000028   Code   RO         7029    CL$$btod_emul       c_w.l(btod.o)
    0x08001814   0x00000244   Code   RO         7035    CL$$btod_mult_common  c_w.l(btod.o)
    0x08001a58   0x00000016   Code   RO         4102    i.ADC_Cmd           stm32f10x_adc.o
    0x08001a6e   0x00000016   Code   RO         4103    i.ADC_DMACmd        stm32f10x_adc.o
    0x08001a84   0x0000005c   Code   RO         4104    i.ADC_DeInit        stm32f10x_adc.o
    0x08001ae0   0x00000010   Code   RO         4109    i.ADC_ExternalTrigInjectedConvConfig  stm32f10x_adc.o
    0x08001af0   0x00000014   Code   RO         4110    i.ADC_GetCalibrationStatus  stm32f10x_adc.o
    0x08001b04   0x0000001c   Code   RO         4115    i.ADC_GetInjectedConversionValue  stm32f10x_adc.o
    0x08001b20   0x00000014   Code   RO         4116    i.ADC_GetResetCalibrationStatus  stm32f10x_adc.o
    0x08001b34   0x00000050   Code   RO         4120    i.ADC_Init          stm32f10x_adc.o
    0x08001b84   0x00000082   Code   RO         4121    i.ADC_InjectedChannelConfig  stm32f10x_adc.o
    0x08001c06   0x00000018   Code   RO         4123    i.ADC_InjectedSequencerLengthConfig  stm32f10x_adc.o
    0x08001c1e   0x000000b8   Code   RO         4124    i.ADC_RegularChannelConfig  stm32f10x_adc.o
    0x08001cd6   0x0000000a   Code   RO         4125    i.ADC_ResetCalibration  stm32f10x_adc.o
    0x08001ce0   0x00000016   Code   RO         4127    i.ADC_SoftwareStartConvCmd  stm32f10x_adc.o
    0x08001cf6   0x00000016   Code   RO         4128    i.ADC_SoftwareStartInjectedConvCmd  stm32f10x_adc.o
    0x08001d0c   0x0000000a   Code   RO         4129    i.ADC_StartCalibration  stm32f10x_adc.o
    0x08001d16   0x00000002   PAD
    0x08001d18   0x000000c8   Code   RO            1    i.AutoTimerCallback  main.o
    0x08001de0   0x00000080   Code   RO            2    i.Board_Init        main.o
    0x08001e60   0x00000004   Code   RO          318    i.BusFault_Handler  stm32f10x_it.o
    0x08001e64   0x000001b8   Code   RO          522    i.CAN_Configuration  can.o
    0x0800201c   0x00000038   Code   RO         4394    i.CAN_DeInit        stm32f10x_can.o
    0x08002054   0x00000108   Code   RO         4396    i.CAN_FilterInit    stm32f10x_can.o
    0x0800215c   0x00000012   Code   RO         4402    i.CAN_ITConfig      stm32f10x_can.o
    0x0800216e   0x00000114   Code   RO         4403    i.CAN_Init          stm32f10x_can.o
    0x08002282   0x00000002   PAD
    0x08002284   0x000000bc   Code   RO          523    i.CAN_NodeID_Update  can.o
    0x08002340   0x000000f0   Code   RO         4406    i.CAN_Receive       stm32f10x_can.o
    0x08002430   0x00000020   Code   RO         4409    i.CAN_StructInit    stm32f10x_can.o
    0x08002450   0x00000126   Code   RO         4411    i.CAN_Transmit      stm32f10x_can.o
    0x08002576   0x00000002   PAD
    0x08002578   0x00000038   Code   RO          480    i.DMA1_Channel1_IRQHandler  adc.o
    0x080025b0   0x0000001c   Code   RO         4318    i.DMA_ClearFlag     stm32f10x_dma.o
    0x080025cc   0x0000001c   Code   RO         4319    i.DMA_ClearITPendingBit  stm32f10x_dma.o
    0x080025e8   0x00000018   Code   RO         4320    i.DMA_Cmd           stm32f10x_dma.o
    0x08002600   0x0000014c   Code   RO         4321    i.DMA_DeInit        stm32f10x_dma.o
    0x0800274c   0x0000002c   Code   RO         4324    i.DMA_GetITStatus   stm32f10x_dma.o
    0x08002778   0x00000012   Code   RO         4325    i.DMA_ITConfig      stm32f10x_dma.o
    0x0800278a   0x0000003c   Code   RO         4326    i.DMA_Init          stm32f10x_dma.o
    0x080027c6   0x00000004   Code   RO         4327    i.DMA_SetCurrDataCounter  stm32f10x_dma.o
    0x080027ca   0x00000002   PAD
    0x080027cc   0x000000c8   Code   RO         1753    i.DMPSetup          mpu9250.o
    0x08002894   0x000000b6   Code   RO          966    i.DS1302_DateSetup  ds1302.o
    0x0800294a   0x00000002   PAD
    0x0800294c   0x00000054   Code   RO          967    i.DS1302_PHY_Init   ds1302.o
    0x080029a0   0x00000060   Code   RO          885    i.DS18B20_Check     ds18.o
    0x08002a00   0x0000008c   Code   RO          886    i.DS18B20_Get_Temp  ds18.o
    0x08002a8c   0x00000040   Code   RO          887    i.DS18B20_Init      ds18.o
    0x08002acc   0x00000034   Code   RO          888    i.DS18B20_Rst       ds18.o
    0x08002b00   0x00000018   Code   RO          889    i.DS18B20_Start     ds18.o
    0x08002b18   0x00000002   Code   RO          319    i.DebugMon_Handler  stm32f10x_it.o
    0x08002b1a   0x00000002   PAD
    0x08002b1c   0x00000018   Code   RO          968    i.End1302           ds1302.o
    0x08002b34   0x0000000c   Code   RO         4545    i.FLASH_ClearFlag   stm32f10x_flash.o
    0x08002b40   0x0000004c   Code   RO         4550    i.FLASH_ErasePage   stm32f10x_flash.o
    0x08002b8c   0x00000034   Code   RO         4551    i.FLASH_GetBank1Status  stm32f10x_flash.o
    0x08002bc0   0x00000014   Code   RO         4560    i.FLASH_Lock        stm32f10x_flash.o
    0x08002bd4   0x00000040   Code   RO         4563    i.FLASH_ProgramHalfWord  stm32f10x_flash.o
    0x08002c14   0x00000054   Code   RO         4564    i.FLASH_ProgramOptionByteData  stm32f10x_flash.o
    0x08002c68   0x0000006c   Code   RO         4565    i.FLASH_ProgramWord  stm32f10x_flash.o
    0x08002cd4   0x00000018   Code   RO         4568    i.FLASH_Unlock      stm32f10x_flash.o
    0x08002cec   0x00000026   Code   RO         4572    i.FLASH_WaitForLastOperation  stm32f10x_flash.o
    0x08002d12   0x00000116   Code   RO         3036    i.GPIO_Init         stm32f10x_gpio.o
    0x08002e28   0x00000090   Code   RO         3038    i.GPIO_PinRemapConfig  stm32f10x_gpio.o
    0x08002eb8   0x00000012   Code   RO         3040    i.GPIO_ReadInputDataBit  stm32f10x_gpio.o
    0x08002eca   0x00000012   Code   RO         3042    i.GPIO_ReadOutputDataBit  stm32f10x_gpio.o
    0x08002edc   0x00000004   Code   RO         3043    i.GPIO_ResetBits    stm32f10x_gpio.o
    0x08002ee0   0x00000004   Code   RO         3044    i.GPIO_SetBits      stm32f10x_gpio.o
    0x08002ee4   0x0000003c   Code   RO          481    i.Get_ADC_Value     adc.o
    0x08002f20   0x0000000c   Code   RO         1175    i.Get_I2C_Retry     i2c.o
    0x08002f2c   0x00000034   Code   RO          482    i.Get_IR_DIS_Value  adc.o
    0x08002f60   0x00000004   Code   RO          320    i.HardFault_Handler  stm32f10x_it.o
    0x08002f64   0x00000018   Code   RO         4720    i.I2C_AcknowledgeConfig  stm32f10x_i2c.o
    0x08002f7c   0x0000000c   Code   RO         4723    i.I2C_ClearFlag     stm32f10x_i2c.o
    0x08002f88   0x00000018   Code   RO         4725    i.I2C_Cmd           stm32f10x_i2c.o
    0x08002fa0   0x00000038   Code   RO         4728    i.I2C_DeInit        stm32f10x_i2c.o
    0x08002fd8   0x00000018   Code   RO         4732    i.I2C_GenerateSTART  stm32f10x_i2c.o
    0x08002ff0   0x00000018   Code   RO         4733    i.I2C_GenerateSTOP  stm32f10x_i2c.o
    0x08003008   0x0000003a   Code   RO         4734    i.I2C_GetFlagStatus  stm32f10x_i2c.o
    0x08003042   0x00000002   PAD
    0x08003044   0x000000ec   Code   RO         4739    i.I2C_Init          stm32f10x_i2c.o
    0x08003130   0x00000016   Code   RO         4743    i.I2C_ReadRegister  stm32f10x_i2c.o
    0x08003146   0x00000008   Code   RO         4744    i.I2C_ReceiveData   stm32f10x_i2c.o
    0x0800314e   0x00000012   Code   RO         4746    i.I2C_Send7bitAddress  stm32f10x_i2c.o
    0x08003160   0x00000004   Code   RO         4747    i.I2C_SendData      stm32f10x_i2c.o
    0x08003164   0x00000016   Code   RO         4748    i.I2C_SoftwareResetCmd  stm32f10x_i2c.o
    0x0800317a   0x00000002   PAD
    0x0800317c   0x00000068   Code   RO         1176    i.I2Cx_TIMEOUT_UserCallback  i2c.o
    0x080031e4   0x0000007c   Code   RO         1177    i.I2cMaster_Init    i2c.o
    0x08003260   0x0000009a   Code   RO          524    i.IAP_FRAM_CHECK    can.o
    0x080032fa   0x00000002   PAD
    0x080032fc   0x0000005c   Code   RO          525    i.IAP_Handle        can.o
    0x08003358   0x0000001c   Code   RO          969    i.IO_IN             ds1302.o
    0x08003374   0x0000001c   Code   RO          970    i.IO_OUT            ds1302.o
    0x08003390   0x000000dc   Code   RO          483    i.Infra_Init        adc.o
    0x0800346c   0x00000008   Code   RO          971    i.Init_DS1302       ds1302.o
    0x08003474   0x00000040   Code   RO         1163    i.LED_Init          led.o
    0x080034b4   0x000000d0   Code   RO            3    i.LED_task          main.o
    0x08003584   0x00000088   Code   RO          484    i.MBDMA_Init        adc.o
    0x0800360c   0x00000004   Code   RO          321    i.MemManage_Handler  stm32f10x_it.o
    0x08003610   0x00000002   Code   RO          322    i.NMI_Handler       stm32f10x_it.o
    0x08003612   0x00000002   PAD
    0x08003614   0x00000070   Code   RO         2994    i.NVIC_Init         misc.o
    0x08003684   0x00000014   Code   RO         2995    i.NVIC_PriorityGroupConfig  misc.o
    0x08003698   0x00000050   Code   RO          890    i.OWReadBit         ds18.o
    0x080036e8   0x0000001e   Code   RO          891    i.OWReadByte        ds18.o
    0x08003706   0x00000002   PAD
    0x08003708   0x00000050   Code   RO          892    i.OWWriteBit        ds18.o
    0x08003758   0x00000028   Code   RO          893    i.OWWriteByte       ds18.o
    0x08003780   0x00000018   Code   RO         3168    i.RCC_ADCCLKConfig  stm32f10x_rcc.o
    0x08003798   0x00000020   Code   RO         3169    i.RCC_AHBPeriphClockCmd  stm32f10x_rcc.o
    0x080037b8   0x00000020   Code   RO         3170    i.RCC_APB1PeriphClockCmd  stm32f10x_rcc.o
    0x080037d8   0x00000020   Code   RO         3171    i.RCC_APB1PeriphResetCmd  stm32f10x_rcc.o
    0x080037f8   0x00000020   Code   RO         3172    i.RCC_APB2PeriphClockCmd  stm32f10x_rcc.o
    0x08003818   0x00000020   Code   RO         3173    i.RCC_APB2PeriphResetCmd  stm32f10x_rcc.o
    0x08003838   0x000000d4   Code   RO         3180    i.RCC_GetClocksFreq  stm32f10x_rcc.o
    0x0800390c   0x0000006c   Code   RO          972    i.Read1302          ds1302.o
    0x08003978   0x0000004c   Code   RO          973    i.Readburst         ds1302.o
    0x080039c4   0x00000028   Code   RO          975    i.Rst1302           ds1302.o
    0x080039ec   0x000000a8   Code   RO         6066    i.SEGGER_RTT_ConfigDownBuffer  segger_rtt.o
    0x08003a94   0x000000a8   Code   RO         6067    i.SEGGER_RTT_ConfigUpBuffer  segger_rtt.o
    0x08003b3c   0x00000098   Code   RO         6077    i.SEGGER_RTT_ReadNoLock  segger_rtt.o
    0x08003bd4   0x000000b0   Code   RO         6087    i.SEGGER_RTT_WriteSkipNoLock  segger_rtt.o
    0x08003c84   0x00000028   Code   RO         5988    i.SEGGER_SYSVIEW_Conf  segger_sysview_config_freertos.o
    0x08003cac   0x00000026   Code   RO         6266    i.SEGGER_SYSVIEW_EncodeU32  segger_sysview.o
    0x08003cd2   0x00000002   PAD
    0x08003cd4   0x000000bc   Code   RO         6270    i.SEGGER_SYSVIEW_GetSysDesc  segger_sysview.o
    0x08003d90   0x00000064   Code   RO         6271    i.SEGGER_SYSVIEW_Init  segger_sysview.o
    0x08003df4   0x00000034   Code   RO         6274    i.SEGGER_SYSVIEW_OnIdle  segger_sysview.o
    0x08003e28   0x00000064   Code   RO         6275    i.SEGGER_SYSVIEW_OnTaskCreate  segger_sysview.o
    0x08003e8c   0x00000064   Code   RO         6276    i.SEGGER_SYSVIEW_OnTaskStartExec  segger_sysview.o
    0x08003ef0   0x00000064   Code   RO         6277    i.SEGGER_SYSVIEW_OnTaskStartReady  segger_sysview.o
    0x08003f54   0x0000003c   Code   RO         6297    i.SEGGER_SYSVIEW_RecordSystime  segger_sysview.o
    0x08003f90   0x0000005c   Code   RO         6298    i.SEGGER_SYSVIEW_RecordU32  segger_sysview.o
    0x08003fec   0x0000007c   Code   RO         6300    i.SEGGER_SYSVIEW_RecordU32x2  segger_sysview.o
    0x08004068   0x00000098   Code   RO         6301    i.SEGGER_SYSVIEW_RecordU32x3  segger_sysview.o
    0x08004100   0x00000038   Code   RO         6308    i.SEGGER_SYSVIEW_RecordVoid  segger_sysview.o
    0x08004138   0x000000ac   Code   RO         6310    i.SEGGER_SYSVIEW_SendModule  segger_sysview.o
    0x080041e4   0x00000024   Code   RO         6311    i.SEGGER_SYSVIEW_SendModuleDescription  segger_sysview.o
    0x08004208   0x00000058   Code   RO         6312    i.SEGGER_SYSVIEW_SendNumModules  segger_sysview.o
    0x08004260   0x00000034   Code   RO         6313    i.SEGGER_SYSVIEW_SendPacket  segger_sysview.o
    0x08004294   0x00000048   Code   RO         6314    i.SEGGER_SYSVIEW_SendSysDesc  segger_sysview.o
    0x080042dc   0x00000110   Code   RO         6315    i.SEGGER_SYSVIEW_SendTaskInfo  segger_sysview.o
    0x080043ec   0x00000020   Code   RO         6316    i.SEGGER_SYSVIEW_SendTaskList  segger_sysview.o
    0x0800440c   0x0000000c   Code   RO         6317    i.SEGGER_SYSVIEW_SetRAMBase  segger_sysview.o
    0x08004418   0x00000010   Code   RO         6318    i.SEGGER_SYSVIEW_ShrinkId  segger_sysview.o
    0x08004428   0x00000104   Code   RO         6319    i.SEGGER_SYSVIEW_Start  segger_sysview.o
    0x0800452c   0x00000044   Code   RO         6320    i.SEGGER_SYSVIEW_Stop  segger_sysview.o
    0x08004570   0x00000080   Code   RO         6321    i.SEGGER_SYSVIEW_Warn  segger_sysview.o
    0x080045f0   0x000003c4   Code   RO         1178    i.ST_Sensors_I2C_ReadRegister  i2c.o
    0x080049b4   0x0000014c   Code   RO         1179    i.ST_Sensors_I2C_WriteRegister  i2c.o
    0x08004b00   0x000000ac   Code   RO         6006    i.SYSVIEW_AddTask   segger_sysview_freertos.o
    0x08004bac   0x00000110   Code   RO         6007    i.SYSVIEW_DeleteTask  segger_sysview_freertos.o
    0x08004cbc   0x0000004c   Code   RO         6008    i.SYSVIEW_RecordU32x4  segger_sysview_freertos.o
    0x08004d08   0x00000032   Code   RO         6010    i.SYSVIEW_SendTaskInfo  segger_sysview_freertos.o
    0x08004d3a   0x0000004c   Code   RO         1180    i.Sensors_I2C_ReadRegister  i2c.o
    0x08004d86   0x0000004c   Code   RO         1181    i.Sensors_I2C_WriteRegister  i2c.o
    0x08004dd2   0x00000008   Code   RO          446    i.SetSysClock       system_stm32f10x.o
    0x08004dda   0x00000002   PAD
    0x08004ddc   0x000000e0   Code   RO          447    i.SetSysClockTo72   system_stm32f10x.o
    0x08004ebc   0x0000000c   Code   RO         1182    i.Set_I2C_Retry     i2c.o
    0x08004ec8   0x000000d8   Code   RO         1073    i.Sonar01_init      ultrasonic.o
    0x08004fa0   0x000000d8   Code   RO         1074    i.Sonar02_init      ultrasonic.o
    0x08005078   0x000000d8   Code   RO         1075    i.Sonar03_init      ultrasonic.o
    0x08005150   0x000000d4   Code   RO         1076    i.Sonar04_init      ultrasonic.o
    0x08005224   0x000000d4   Code   RO         1077    i.Sonar05_init      ultrasonic.o
    0x080052f8   0x000000d4   Code   RO         1078    i.Sonar06_init      ultrasonic.o
    0x080053cc   0x00000028   Code   RO         2998    i.SysTick_CLKSourceConfig  misc.o
    0x080053f4   0x00000020   Code   RO         2854    i.SysTick_Handler   delay.o
    0x08005414   0x00000060   Code   RO          449    i.SystemInit        system_stm32f10x.o
    0x08005474   0x00000080   Code   RO         3548    i.TI1_Config        stm32f10x_tim.o
    0x080054f4   0x00000098   Code   RO         3549    i.TI2_Config        stm32f10x_tim.o
    0x0800558c   0x00000090   Code   RO         3550    i.TI3_Config        stm32f10x_tim.o
    0x0800561c   0x00000098   Code   RO         3551    i.TI4_Config        stm32f10x_tim.o
    0x080056b4   0x00000048   Code   RO         1079    i.TIM1_CC_IRQHandler  ultrasonic.o
    0x080056fc   0x000000a0   Code   RO         1080    i.TIM2_IRQHandler   ultrasonic.o
    0x0800579c   0x00000040   Code   RO         1081    i.TIM3_IRQHandler   ultrasonic.o
    0x080057dc   0x00000040   Code   RO         1082    i.TIM4_IRQHandler   ultrasonic.o
    0x0800581c   0x00000040   Code   RO         1083    i.TIM5_IRQHandler   ultrasonic.o
    0x0800585c   0x00000048   Code   RO         1084    i.TIM8_CC_IRQHandler  ultrasonic.o
    0x080058a4   0x00000006   Code   RO         3558    i.TIM_ClearFlag     stm32f10x_tim.o
    0x080058aa   0x00000006   Code   RO         3559    i.TIM_ClearITPendingBit  stm32f10x_tim.o
    0x080058b0   0x00000018   Code   RO         3564    i.TIM_Cmd           stm32f10x_tim.o
    0x080058c8   0x00000006   Code   RO         3580    i.TIM_GetCapture2   stm32f10x_tim.o
    0x080058ce   0x00000006   Code   RO         3581    i.TIM_GetCapture3   stm32f10x_tim.o
    0x080058d4   0x00000012   Code   RO         3584    i.TIM_GetFlagStatus  stm32f10x_tim.o
    0x080058e6   0x00000002   PAD
    0x080058e8   0x000000ac   Code   RO         3587    i.TIM_ICInit        stm32f10x_tim.o
    0x08005994   0x00000012   Code   RO         3589    i.TIM_ITConfig      stm32f10x_tim.o
    0x080059a6   0x0000007c   Code   RO         3612    i.TIM_PWMIConfig    stm32f10x_tim.o
    0x08005a22   0x00000012   Code   RO         3617    i.TIM_SelectInputTrigger  stm32f10x_tim.o
    0x08005a34   0x00000012   Code   RO         3618    i.TIM_SelectMasterSlaveMode  stm32f10x_tim.o
    0x08005a46   0x00000012   Code   RO         3622    i.TIM_SelectSlaveMode  stm32f10x_tim.o
    0x08005a58   0x00000004   Code   RO         3629    i.TIM_SetCounter    stm32f10x_tim.o
    0x08005a5c   0x00000012   Code   RO         3630    i.TIM_SetIC1Prescaler  stm32f10x_tim.o
    0x08005a6e   0x0000001a   Code   RO         3631    i.TIM_SetIC2Prescaler  stm32f10x_tim.o
    0x08005a88   0x00000012   Code   RO         3632    i.TIM_SetIC3Prescaler  stm32f10x_tim.o
    0x08005a9a   0x0000001a   Code   RO         3633    i.TIM_SetIC4Prescaler  stm32f10x_tim.o
    0x08005ab4   0x000000a4   Code   RO         3635    i.TIM_TimeBaseInit  stm32f10x_tim.o
    0x08005b58   0x00000088   Code   RO         2927    i.USART1_IRQHandler  usart.o
    0x08005be0   0x00000018   Code   RO         3372    i.USART_Cmd         stm32f10x_usart.o
    0x08005bf8   0x00000054   Code   RO         3376    i.USART_GetITStatus  stm32f10x_usart.o
    0x08005c4c   0x0000004a   Code   RO         3378    i.USART_ITConfig    stm32f10x_usart.o
    0x08005c96   0x00000002   PAD
    0x08005c98   0x000000d8   Code   RO         3379    i.USART_Init        stm32f10x_usart.o
    0x08005d70   0x0000000a   Code   RO         3386    i.USART_ReceiveData  stm32f10x_usart.o
    0x08005d7a   0x00000002   PAD
    0x08005d7c   0x00000078   Code   RO          526    i.USB_LP_CAN1_RX0_IRQHandler  can.o
    0x08005df4   0x00000424   Code   RO          527    i.UavcanFun         can.o
    0x08006218   0x0000012c   Code   RO          528    i.Uavcan_Broadcast  can.o
    0x08006344   0x0000017c   Code   RO          529    i.Uavcan_Broadcast_Distance  can.o
    0x080064c0   0x00000026   Code   RO         1085    i.UlsResultVerification  ultrasonic.o
    0x080064e6   0x0000001c   Code   RO         1086    i.Ultrasonic_Init   ultrasonic.o
    0x08006502   0x00000004   Code   RO          323    i.UsageFault_Handler  stm32f10x_it.o
    0x08006506   0x00000002   PAD
    0x08006508   0x00000018   Code   RO            4    i.WatchdogTimerCallback  main.o
    0x08006520   0x0000004c   Code   RO          976    i.Write1302         ds1302.o
    0x0800656c   0x00000070   Code   RO         6090    i._DoInit           segger_rtt.o
    0x080065dc   0x00000044   Code   RO         6325    i._EncodeStr        segger_sysview.o
    0x08006620   0x00000098   Code   RO         6326    i._HandleIncomingPacket  segger_sysview.o
    0x080066b8   0x00000006   Code   RO         6327    i._PreparePacket    segger_sysview.o
    0x080066be   0x00000002   PAD
    0x080066c0   0x0000011c   Code   RO         6330    i._SendPacket       segger_sysview.o
    0x080067dc   0x00000084   Code   RO         6332    i._TrySendOverflowPacket  segger_sysview.o
    0x08006860   0x00000028   Code   RO         7065    i.__ARM_fpclassify  m_ws.l(fpclassify.o)
    0x08006888   0x0000003e   Code   RO         6012    i._cbGetTime        segger_sysview_freertos.o
    0x080068c6   0x00000002   PAD
    0x080068c8   0x0000005c   Code   RO         5989    i._cbSendSystemDesc  segger_sysview_config_freertos.o
    0x08006924   0x00000054   Code   RO         6013    i._cbSendTaskList   segger_sysview_freertos.o
    0x08006978   0x0000000e   Code   RO         6776    i._is_digit         c_w.l(__printf_wp.o)
    0x08006986   0x00000004   Code   RO         2928    i._sys_exit         usart.o
    0x0800698a   0x00000004   Code   RO         2929    i._ttywrch          usart.o
    0x0800698e   0x00000002   PAD
    0x08006990   0x0000053c   Code   RO         1230    i.accel_6500_self_test  inv_mpu.o
    0x08006ecc   0x00000028   Code   RO          639    i.allocateBlock     canard.o
    0x08006ef4   0x0000007c   Code   RO            5    i.android_orient_cb  main.o
    0x08006f70   0x00000026   Code   RO          530    i.ascii_to_xdigit   can.o
    0x08006f96   0x00000120   Code   RO          640    i.bufferBlockPushBytes  canard.o
    0x080070b6   0x000000d0   Code   RO          641    i.canardBroadcast   canard.o
    0x08007186   0x00000006   Code   RO          647    i.canardGetLocalNodeID  canard.o
    0x0800718c   0x0000043c   Code   RO          650    i.canardHandleRxFrame  canard.o
    0x080075c8   0x00000080   Code   RO          651    i.canardInit        canard.o
    0x08007648   0x00000010   Code   RO          652    i.canardPeekTxQueue  canard.o
    0x08007658   0x00000016   Code   RO          653    i.canardPopTxQueue  canard.o
    0x0800766e   0x0000002a   Code   RO          654    i.canardReleaseRxTransferPayload  canard.o
    0x08007698   0x000000a2   Code   RO          655    i.canardRequestOrRespond  canard.o
    0x0800773a   0x00000002   PAD
    0x0800773c   0x0000005c   Code   RO          656    i.canardSetLocalNodeID  canard.o
    0x08007798   0x0000014c   Code   RO         1231    i.compass_self_test  inv_mpu.o
    0x080078e4   0x0000000c   Code   RO          657    i.computeTransferIDForwardDistance  canard.o
    0x080078f0   0x00000022   Code   RO          659    i.crcAdd            canard.o
    0x08007912   0x00000032   Code   RO          660    i.crcAddByte        canard.o
    0x08007944   0x00000036   Code   RO          661    i.crcAddSignature   canard.o
    0x0800797a   0x0000001a   Code   RO          662    i.createBufferBlock  canard.o
    0x08007994   0x00000030   Code   RO          663    i.createRxState     canard.o
    0x080079c4   0x0000001e   Code   RO          664    i.createTxItem      canard.o
    0x080079e2   0x00000002   PAD
    0x080079e4   0x00000064   Code   RO         1571    i.decode_gesture    inv_mpu_dmp_motion_driver.o
    0x08007a48   0x0000005c   Code   RO         2855    i.delay_init        delay.o
    0x08007aa4   0x00000040   Code   RO         2856    i.delay_ms          delay.o
    0x08007ae4   0x00000048   Code   RO         2857    i.delay_us          delay.o
    0x08007b2c   0x00000018   Code   RO         2858    i.delay_xms         delay.o
    0x08007b44   0x0000003c   Code   RO         1572    i.dmp_enable_6x_lp_quat  inv_mpu_dmp_motion_driver.o
    0x08007b80   0x0000021c   Code   RO         1573    i.dmp_enable_feature  inv_mpu_dmp_motion_driver.o
    0x08007d9c   0x00000058   Code   RO         1574    i.dmp_enable_gyro_cal  inv_mpu_dmp_motion_driver.o
    0x08007df4   0x0000003c   Code   RO         1575    i.dmp_enable_lp_quat  inv_mpu_dmp_motion_driver.o
    0x08007e30   0x00000018   Code   RO         1580    i.dmp_load_motion_driver_firmware  inv_mpu_dmp_motion_driver.o
    0x08007e48   0x000001cc   Code   RO         1581    i.dmp_read_fifo     inv_mpu_dmp_motion_driver.o
    0x08008014   0x00000010   Code   RO         1582    i.dmp_register_android_orient_cb  inv_mpu_dmp_motion_driver.o
    0x08008024   0x00000010   Code   RO         1583    i.dmp_register_tap_cb  inv_mpu_dmp_motion_driver.o
    0x08008034   0x00000070   Code   RO         1585    i.dmp_set_fifo_rate  inv_mpu_dmp_motion_driver.o
    0x080080a4   0x00000138   Code   RO         1588    i.dmp_set_orientation  inv_mpu_dmp_motion_driver.o
    0x080081dc   0x00000038   Code   RO         1591    i.dmp_set_shake_reject_thresh  inv_mpu_dmp_motion_driver.o
    0x08008214   0x00000026   Code   RO         1592    i.dmp_set_shake_reject_time  inv_mpu_dmp_motion_driver.o
    0x0800823a   0x00000026   Code   RO         1593    i.dmp_set_shake_reject_timeout  inv_mpu_dmp_motion_driver.o
    0x08008260   0x00000046   Code   RO         1594    i.dmp_set_tap_axes  inv_mpu_dmp_motion_driver.o
    0x080082a6   0x00000026   Code   RO         1595    i.dmp_set_tap_count  inv_mpu_dmp_motion_driver.o
    0x080082cc   0x000001a0   Code   RO         1596    i.dmp_set_tap_thresh  inv_mpu_dmp_motion_driver.o
    0x0800846c   0x00000026   Code   RO         1597    i.dmp_set_tap_time  inv_mpu_dmp_motion_driver.o
    0x08008492   0x00000026   Code   RO         1598    i.dmp_set_tap_time_multi  inv_mpu_dmp_motion_driver.o
    0x080084b8   0x000000a0   Code   RO         5364    i.eTaskGetState     tasks.o
    0x08008558   0x00000198   Code   RO          666    i.enqueueTxFrames   canard.o
    0x080086f0   0x00000040   Code   RO            6    i.event_task        main.o
    0x08008730   0x00000024   Code   RO          667    i.extractDataType   canard.o
    0x08008754   0x0000001a   Code   RO          668    i.extractTransferType  canard.o
    0x0800876e   0x00000018   Code   RO          669    i.findRxState       canard.o
    0x08008786   0x00000002   PAD
    0x08008788   0x0000001c   Code   RO         2930    i.fputc             usart.o
    0x080087a4   0x00000078   Code   RO          670    i.freeBlock         canard.o
    0x0800881c   0x000004c0   Code   RO         1232    i.get_st_6500_biases  inv_mpu.o
    0x08008cdc   0x00000010   Code   RO         2859    i.get_tick_count    delay.o
    0x08008cec   0x0000035c   Code   RO         1234    i.gyro_6500_self_test  inv_mpu.o
    0x08009048   0x0000002c   Code   RO          531    i.iap_flash_get_baseaddr  can.o
    0x08009074   0x00000080   Code   RO          532    i.iap_flash_set_jumpaddr  can.o
    0x080090f4   0x00000168   Code   RO          533    i.iap_flash_write   can.o
    0x0800925c   0x00000100   Code   RO            7    i.imu_task          main.o
    0x0800935c   0x00000058   Code   RO          671    i.incrementTransferID  canard.o
    0x080093b4   0x00000026   Code   RO          672    i.initPoolAllocator  canard.o
    0x080093da   0x00000002   PAD
    0x080093dc   0x0000001c   Code   RO          894    i.inp               ds18.o
    0x080093f8   0x0000001c   Code   RO            8    i.interrupt_task    main.o
    0x08009414   0x0000006a   Code   RO         2058    i.inv_apply_calibration  data_builder.o
    0x0800947e   0x00000072   Code   RO         1773    i.inv_convert_to_body_with_scale  ml_math_func.o
    0x080094f0   0x00000028   Code   RO         1785    i.inv_orientation_matrix_to_scalar  ml_math_func.o
    0x08009518   0x00000012   Code   RO         1788    i.inv_q30_mult      ml_math_func.o
    0x0800952a   0x0000004e   Code   RO         1804    i.inv_row_2_scale   ml_math_func.o
    0x08009578   0x00000050   Code   RO         2108    i.inv_set_accel_bias  data_builder.o
    0x080095c8   0x00000074   Code   RO         2122    i.inv_set_gyro_bias  data_builder.o
    0x0800963c   0x0000001c   Code   RO         2516    i.inv_set_message   message_layer.o
    0x08009658   0x00000060   Code   RO          674    i.isPriorityHigher  canard.o
    0x080096b8   0x0000001e   Code   RO          534    i.is_xdigit         can.o
    0x080096d6   0x00000002   PAD
    0x080096d8   0x00000220   Code   RO            9    i.main              main.o
    0x080098f8   0x00000070   Code   RO         1235    i.mpu_configure_fifo  inv_mpu.o
    0x08009968   0x0000004c   Code   RO         1236    i.mpu_get_accel_fsr  inv_mpu.o
    0x080099b4   0x00000054   Code   RO         1238    i.mpu_get_accel_sens  inv_mpu.o
    0x08009a08   0x000000d4   Code   RO         1240    i.mpu_get_compass_reg  inv_mpu.o
    0x08009adc   0x00000010   Code   RO         1243    i.mpu_get_fifo_config  inv_mpu.o
    0x08009aec   0x00000044   Code   RO         1244    i.mpu_get_gyro_fsr  inv_mpu.o
    0x08009b30   0x00000050   Code   RO         1246    i.mpu_get_gyro_sens  inv_mpu.o
    0x08009b80   0x00000050   Code   RO         1248    i.mpu_get_lpf       inv_mpu.o
    0x08009bd0   0x00000020   Code   RO         1250    i.mpu_get_sample_rate  inv_mpu.o
    0x08009bf0   0x000001b4   Code   RO         1252    i.mpu_init          inv_mpu.o
    0x08009da4   0x000000b8   Code   RO         1253    i.mpu_load_firmware  inv_mpu.o
    0x08009e5c   0x0000011c   Code   RO         1254    i.mpu_lp_accel_mode  inv_mpu.o
    0x08009f78   0x00000124   Code   RO         1260    i.mpu_read_fifo_stream  inv_mpu.o
    0x0800a09c   0x00000080   Code   RO         1261    i.mpu_read_mem      inv_mpu.o
    0x0800a11c   0x000001c8   Code   RO         1264    i.mpu_reset_fifo    inv_mpu.o
    0x0800a2e4   0x00000278   Code   RO         1265    i.mpu_run_6500_self_test  inv_mpu.o
    0x0800a55c   0x00000084   Code   RO         1269    i.mpu_set_accel_fsr  inv_mpu.o
    0x0800a5e0   0x0000014c   Code   RO         1270    i.mpu_set_bypass    inv_mpu.o
    0x0800a72c   0x00000060   Code   RO         1271    i.mpu_set_compass_sample_rate  inv_mpu.o
    0x0800a78c   0x00000090   Code   RO         1272    i.mpu_set_dmp_state  inv_mpu.o
    0x0800a81c   0x00000088   Code   RO         1274    i.mpu_set_gyro_fsr  inv_mpu.o
    0x0800a8a4   0x0000006c   Code   RO         1275    i.mpu_set_int_latched  inv_mpu.o
    0x0800a910   0x00000084   Code   RO         1277    i.mpu_set_lpf       inv_mpu.o
    0x0800a994   0x000000b4   Code   RO         1278    i.mpu_set_sample_rate  inv_mpu.o
    0x0800aa48   0x00000168   Code   RO         1279    i.mpu_set_sensors   inv_mpu.o
    0x0800abb0   0x00000080   Code   RO         1280    i.mpu_write_mem     inv_mpu.o
    0x0800ac30   0x000000d4   Code   RO          535    i.onTransferReceived  can.o
    0x0800ad04   0x0000001c   Code   RO          895    i.outp              ds18.o
    0x0800ad20   0x00000070   Code   RO          675    i.prepareForNextTransfer  canard.o
    0x0800ad90   0x00000022   Code   RO          676    i.prependRxState    canard.o
    0x0800adb2   0x00000002   PAD
    0x0800adb4   0x00000098   Code   RO         5366    i.prvAddCurrentTaskToDelayedList  tasks.o
    0x0800ae4c   0x000000dc   Code   RO         5367    i.prvAddNewTaskToReadyList  tasks.o
    0x0800af28   0x00000064   Code   RO         5732    i.prvCheckForValidListAndQueue  timers.o
    0x0800af8c   0x00000064   Code   RO         5368    i.prvCheckTasksWaitingTermination  tasks.o
    0x0800aff0   0x0000002a   Code   RO         5130    i.prvCopyDataFromQueue  queue.o
    0x0800b01a   0x0000007c   Code   RO         5131    i.prvCopyDataToQueue  queue.o
    0x0800b096   0x00000012   Code   RO         5369    i.prvDeleteTCB      tasks.o
    0x0800b0a8   0x00000028   Code   RO         5733    i.prvGetNextExpireTime  timers.o
    0x0800b0d0   0x0000007c   Code   RO         5862    i.prvHeapInit       heap_4.o
    0x0800b14c   0x00000028   Code   RO         5370    i.prvIdleTask       tasks.o
    0x0800b174   0x0000003a   Code   RO         5133    i.prvInitialiseNewQueue  queue.o
    0x0800b1ae   0x00000002   PAD
    0x0800b1b0   0x000000d0   Code   RO         5371    i.prvInitialiseNewTask  tasks.o
    0x0800b280   0x0000006c   Code   RO         5734    i.prvInitialiseNewTimer  timers.o
    0x0800b2ec   0x00000068   Code   RO         5372    i.prvInitialiseTaskLists  tasks.o
    0x0800b354   0x00000068   Code   RO         5863    i.prvInsertBlockIntoFreeList  heap_4.o
    0x0800b3bc   0x00000058   Code   RO         5735    i.prvInsertTimerInActiveList  timers.o
    0x0800b414   0x0000001a   Code   RO         5134    i.prvIsQueueEmpty   queue.o
    0x0800b42e   0x0000001e   Code   RO         5135    i.prvIsQueueFull    queue.o
    0x0800b44c   0x0000006a   Code   RO         5373    i.prvListTasksWithinSingleList  tasks.o
    0x0800b4b6   0x00000002   PAD
    0x0800b4b8   0x000000a0   Code   RO         5136    i.prvNotifyQueueSetContainer  queue.o
    0x0800b558   0x00000080   Code   RO         5736    i.prvProcessExpiredTimer  timers.o
    0x0800b5d8   0x0000012c   Code   RO         5737    i.prvProcessReceivedCommands  timers.o
    0x0800b704   0x00000074   Code   RO         5738    i.prvProcessTimerOrBlockTask  timers.o
    0x0800b778   0x00000034   Code   RO         5374    i.prvResetNextTaskUnblockTime  tasks.o
    0x0800b7ac   0x0000002c   Code   RO         5739    i.prvSampleTimeNow  timers.o
    0x0800b7d8   0x000000bc   Code   RO         5740    i.prvSwitchTimerLists  timers.o
    0x0800b894   0x00000016   Code   RO         5375    i.prvTaskCheckFreeStackSpace  tasks.o
    0x0800b8aa   0x00000002   PAD
    0x0800b8ac   0x00000070   Code   RO         5912    i.prvTaskExitError  port.o
    0x0800b91c   0x00000074   Code   RO         5376    i.prvTaskIsTaskSuspended  tasks.o
    0x0800b990   0x0000001e   Code   RO         4979    i.prvTestWaitCondition  event_groups.o
    0x0800b9ae   0x0000001a   Code   RO         5741    i.prvTimerTask      timers.o
    0x0800b9c8   0x00000092   Code   RO         5137    i.prvUnlockQueue    queue.o
    0x0800ba5a   0x00000002   PAD
    0x0800ba5c   0x000000b0   Code   RO          677    i.pushTxQueue       canard.o
    0x0800bb0c   0x00000154   Code   RO         5864    i.pvPortMalloc      heap_4.o
    0x0800bc60   0x00000020   Code   RO         5378    i.pvTaskIncrementMutexHeldCount  tasks.o
    0x0800bc80   0x00000024   Code   RO         5913    i.pxPortInitialiseStack  port.o
    0x0800bca4   0x000000f4   Code   RO           10    i.query_task        main.o
    0x0800bd98   0x0000002e   Code   RO          678    i.releaseStatePayload  canard.o
    0x0800bdc6   0x00000002   PAD
    0x0800bdc8   0x000001fc   Code   RO           11    i.run_self_test     main.o
    0x0800bfc4   0x00000090   Code   RO         1281    i.set_int_enable    inv_mpu.o
    0x0800c054   0x00000238   Code   RO         1282    i.setup_compass     inv_mpu.o
    0x0800c28c   0x000000f4   Code   RO          536    i.shouldAcceptTransfer  can.o
    0x0800c380   0x00000320   Code   RO           12    i.start_task        main.o
    0x0800c6a0   0x00000090   Code   RO           13    i.tap_cb            main.o
    0x0800c730   0x000000cc   Code   RO           14    i.temp_task         main.o
    0x0800c7fc   0x0000000c   Code   RO          896    i.tickDelay         ds18.o
    0x0800c808   0x0000003c   Code   RO          680    i.traverseRxStates  canard.o
    0x0800c844   0x000000a4   Code   RO         2931    i.uart_init         usart.o
    0x0800c8e8   0x000000a4   Code   RO           15    i.uavcan_task       main.o
    0x0800c98c   0x00000028   Code   RO         5093    i.uxListRemove      list.o
    0x0800c9b4   0x0000000c   Code   RO         5380    i.uxTaskGetNumberOfTasks  tasks.o
    0x0800c9c0   0x000000b0   Code   RO         5381    i.uxTaskGetSystemState  tasks.o
    0x0800ca70   0x0000001c   Code   RO         5385    i.uxTaskResetEventItemValue  tasks.o
    0x0800ca8c   0x0000001a   Code   RO         5094    i.vListInitialise   list.o
    0x0800caa6   0x00000006   Code   RO         5095    i.vListInitialiseItem  list.o
    0x0800caac   0x00000034   Code   RO         5096    i.vListInsert       list.o
    0x0800cae0   0x00000018   Code   RO         5097    i.vListInsertEnd    list.o
    0x0800caf8   0x00000088   Code   RO         5915    i.vPortEnterCritical  port.o
    0x0800cb80   0x00000070   Code   RO         5916    i.vPortExitCritical  port.o
    0x0800cbf0   0x000000b8   Code   RO         5865    i.vPortFree         heap_4.o
    0x0800cca8   0x00000020   Code   RO         5917    i.vPortSetupTimerInterrupt  port.o
    0x0800ccc8   0x000000a0   Code   RO         5918    i.vPortValidateInterruptPriority  port.o
    0x0800cd68   0x00000044   Code   RO         5143    i.vQueueAddToRegistry  queue.o
    0x0800cdac   0x0000004a   Code   RO         5147    i.vQueueWaitForMessageRestricted  queue.o
    0x0800cdf6   0x00000002   PAD
    0x0800cdf8   0x0000007c   Code   RO         5386    i.vTaskDelay        tasks.o
    0x0800ce74   0x000000e0   Code   RO         5387    i.vTaskDelayUntil   tasks.o
    0x0800cf54   0x00000124   Code   RO         5388    i.vTaskDelete       tasks.o
    0x0800d078   0x00000078   Code   RO         5390    i.vTaskGetInfo      tasks.o
    0x0800d0f0   0x0000000c   Code   RO         5392    i.vTaskMissedYield  tasks.o
    0x0800d0fc   0x00000054   Code   RO         5394    i.vTaskPlaceOnEventList  tasks.o
    0x0800d150   0x00000060   Code   RO         5395    i.vTaskPlaceOnEventListRestricted  tasks.o
    0x0800d1b0   0x0000007c   Code   RO         5396    i.vTaskPlaceOnUnorderedEventList  tasks.o
    0x0800d22c   0x000000c0   Code   RO         5397    i.vTaskPriorityInherit  tasks.o
    0x0800d2ec   0x000000c4   Code   RO         5399    i.vTaskResume       tasks.o
    0x0800d3b0   0x0000004c   Code   RO         5401    i.vTaskSetTimeOutState  tasks.o
    0x0800d3fc   0x000000ac   Code   RO         5402    i.vTaskStartScheduler  tasks.o
    0x0800d4a8   0x00000110   Code   RO         5403    i.vTaskSuspend      tasks.o
    0x0800d5b8   0x00000010   Code   RO         5404    i.vTaskSuspendAll   tasks.o
    0x0800d5c8   0x000000cc   Code   RO         5405    i.vTaskSwitchContext  tasks.o
    0x0800d694   0x0000001a   Code   RO         4986    i.xEventGroupCreate  event_groups.o
    0x0800d6ae   0x00000002   PAD
    0x0800d6b0   0x000000e8   Code   RO         4988    i.xEventGroupSetBits  event_groups.o
    0x0800d798   0x00000158   Code   RO         4991    i.xEventGroupWaitBits  event_groups.o
    0x0800d8f0   0x000000a0   Code   RO         5919    i.xPortStartScheduler  port.o
    0x0800d990   0x00000034   Code   RO         5920    i.xPortSysTickHandler  port.o
    0x0800d9c4   0x00000074   Code   RO         5152    i.xQueueGenericCreate  queue.o
    0x0800da38   0x00000240   Code   RO         5153    i.xQueueGenericReceive  queue.o
    0x0800dc78   0x000000b0   Code   RO         5154    i.xQueueGenericReset  queue.o
    0x0800dd28   0x000001f4   Code   RO         5155    i.xQueueGenericSend  queue.o
    0x0800df1c   0x00000134   Code   RO         5156    i.xQueueGenericSendFromISR  queue.o
    0x0800e050   0x00000120   Code   RO         5157    i.xQueueGiveFromISR  queue.o
    0x0800e170   0x000000a0   Code   RO         5406    i.xTaskCheckForTimeOut  tasks.o
    0x0800e210   0x00000060   Code   RO         5407    i.xTaskCreate       tasks.o
    0x0800e270   0x00000020   Code   RO         5412    i.xTaskGetSchedulerState  tasks.o
    0x0800e290   0x0000000c   Code   RO         5413    i.xTaskGetTickCount  tasks.o
    0x0800e29c   0x00000014   Code   RO         5414    i.xTaskGetTickCountFromISR  tasks.o
    0x0800e2b0   0x00000168   Code   RO         5415    i.xTaskIncrementTick  tasks.o
    0x0800e418   0x000000e8   Code   RO         5418    i.xTaskPriorityDisinherit  tasks.o
    0x0800e500   0x000000b8   Code   RO         5419    i.xTaskRemoveFromEventList  tasks.o
    0x0800e5b8   0x000000c4   Code   RO         5420    i.xTaskRemoveFromUnorderedEventList  tasks.o
    0x0800e67c   0x00000124   Code   RO         5421    i.xTaskResumeAll    tasks.o
    0x0800e7a0   0x00000030   Code   RO         5744    i.xTimerCreate      timers.o
    0x0800e7d0   0x00000074   Code   RO         5745    i.xTimerCreateTimerTask  timers.o
    0x0800e844   0x000000a4   Code   RO         5746    i.xTimerGenericCommand  timers.o
    0x0800e8e8   0x0000002c   Code   RO         7053    locale$$code        c_w.l(lc_numeric_c.o)
    0x0800e914   0x00000018   Code   RO         6937    x$fpl$dcmpinf       fz_ws.l(dcmpi.o)
    0x0800e92c   0x0000005e   Code   RO         6825    x$fpl$dfix          fz_ws.l(dfix.o)
    0x0800e98a   0x0000002e   Code   RO         6830    x$fpl$dflt          fz_ws.l(dflt_clz.o)
    0x0800e9b8   0x00000078   Code   RO         6835    x$fpl$dleqf         fz_ws.l(dleqf.o)
    0x0800ea30   0x00000154   Code   RO         6837    x$fpl$dmul          fz_ws.l(dmul.o)
    0x0800eb84   0x0000009c   Code   RO         6939    x$fpl$dnaninf       fz_ws.l(dnaninf.o)
    0x0800ec20   0x0000000c   Code   RO         6941    x$fpl$dretinf       fz_ws.l(dretinf.o)
    0x0800ec2c   0x0000006c   Code   RO         6839    x$fpl$drleqf        fz_ws.l(drleqf.o)
    0x0800ec98   0x00000056   Code   RO         6841    x$fpl$f2d           fz_ws.l(f2d.o)
    0x0800ecee   0x00000002   PAD
    0x0800ecf0   0x000000c4   Code   RO         6843    x$fpl$fadd          fz_ws.l(faddsub_clz.o)
    0x0800edb4   0x00000018   Code   RO         6945    x$fpl$fcmpinf       fz_ws.l(fcmpi.o)
    0x0800edcc   0x00000184   Code   RO         6850    x$fpl$fdiv          fz_ws.l(fdiv.o)
    0x0800ef50   0x00000036   Code   RO         6855    x$fpl$ffix          fz_ws.l(ffix.o)
    0x0800ef86   0x00000002   PAD
    0x0800ef88   0x0000003e   Code   RO         6859    x$fpl$ffixu         fz_ws.l(ffixu.o)
    0x0800efc6   0x00000002   PAD
    0x0800efc8   0x00000030   Code   RO         6864    x$fpl$fflt          fz_ws.l(fflt_clz.o)
    0x0800eff8   0x00000026   Code   RO         6863    x$fpl$ffltu         fz_ws.l(fflt_clz.o)
    0x0800f01e   0x00000002   PAD
    0x0800f020   0x00000068   Code   RO         6869    x$fpl$fleqf         fz_ws.l(fleqf.o)
    0x0800f088   0x00000102   Code   RO         6871    x$fpl$fmul          fz_ws.l(fmul.o)
    0x0800f18a   0x0000008c   Code   RO         6947    x$fpl$fnaninf       fz_ws.l(fnaninf.o)
    0x0800f216   0x0000000a   Code   RO         6949    x$fpl$fretinf       fz_ws.l(fretinf.o)
    0x0800f220   0x00000062   Code   RO         6873    x$fpl$frleqf        fz_ws.l(frleqf.o)
    0x0800f282   0x00000002   PAD
    0x0800f284   0x000000ea   Code   RO         6845    x$fpl$fsub          fz_ws.l(faddsub_clz.o)
    0x0800f36e   0x00000004   Code   RO         6875    x$fpl$printf1       fz_ws.l(printf1.o)
    0x0800f372   0x00000000   Code   RO         6955    x$fpl$usenofp       fz_ws.l(usenofp.o)
    0x0800f372   0x00000026   Data   RO          538    .constdata          can.o
    0x0800f398   0x00000268   Data   RO         1283    .constdata          inv_mpu.o
    0x0800f600   0x00000bf6   Data   RO         1600    .constdata          inv_mpu_dmp_motion_driver.o
    0x080101f6   0x00000002   PAD
    0x080101f8   0x00000008   Data   RO         6015    .constdata          segger_sysview_freertos.o
    0x08010200   0x0000001a   Data   RO         6336    .constdata          segger_sysview.o
    0x0801021a   0x00000028   Data   RO         6749    .constdata          c_w.l(_printf_hex_int.o)
    0x08010242   0x00000002   PAD
    0x08010244   0x00000094   Data   RO         7024    .constdata          c_w.l(bigflt0.o)
    0x080102d8   0x00000056   Data   RO          682    .conststring        canard.o
    0x0801032e   0x00000002   PAD
    0x08010330   0x00000050   Data   RO         6016    .conststring        segger_sysview_freertos.o
    0x08010380   0x00000020   Data   RO         7212    Region$$Table       anon$$obj.o
    0x080103a0   0x0000001c   Data   RO         7052    locale$$data        c_w.l(lc_numeric_c.o)


    Execution Region ER_RW (Base: 0x20000000, Size: 0x000001a8, Max: 0xffffffff, ABSOLUTE, COMPRESSED[0x00000080])

    Base Addr    Size         Type   Attr      Idx    E Section Name        Object

    0x20000000   0x00000054   Data   RW           17    .data               main.o
    0x20000054   0x00000014   Data   RW          450    .data               system_stm32f10x.o
    0x20000068   0x0000004c   Data   RW          485    .data               adc.o
    0x200000b4   0x0000000d   Data   RW          539    .data               can.o
    0x200000c1   0x00000001   PAD
    0x200000c2   0x00000002   Data   RW         1183    .data               i2c.o
    0x200000c4   0x00000038   Data   RW         1284    .data               inv_mpu.o
    0x200000fc   0x00000004   Data   RW         2517    .data               message_layer.o
    0x20000100   0x00000004   Data   RW         2860    .data               delay.o
    0x20000104   0x00000006   Data   RW         2933    .data               usart.o
    0x2000010a   0x00000014   Data   RW         3200    .data               stm32f10x_rcc.o
    0x2000011e   0x00000002   PAD
    0x20000120   0x0000003c   Data   RW         5424    .data               tasks.o
    0x2000015c   0x00000014   Data   RW         5754    .data               timers.o
    0x20000170   0x00000018   Data   RW         5870    .data               heap_4.o
    0x20000188   0x0000000c   Data   RW         5921    .data               port.o
    0x20000194   0x00000004   Data   RW         6017    .data               segger_sysview_freertos.o
    0x20000198   0x0000000d   Data   RW         6337    .data               segger_sysview.o


    Execution Region ER_ZI (Base: 0x200001a8, Size: 0x0000bf20, Max: 0xffffffff, ABSOLUTE)

    Base Addr    Size         Type   Attr      Idx    E Section Name        Object

    0x200001a8   0x0000015c   Zero   RW           16    .bss                main.o
    0x20000304   0x00000004   PAD
    0x20000308   0x000005c4   Zero   RW          537    .bss                can.o
    0x200008cc   0x00000010   Zero   RW         1599    .bss                inv_mpu_dmp_motion_driver.o
    0x200008dc   0x00000004   PAD
    0x200008e0   0x00000310   Zero   RW         2129    .bss                data_builder.o
    0x20000bf0   0x000000c8   Zero   RW         2932    .bss                usart.o
    0x20000cb8   0x00000040   Zero   RW         5167    .bss                queue.o
    0x20000cf8   0x000002e4   Zero   RW         5423    .bss                tasks.o
    0x20000fdc   0x00000028   Zero   RW         5753    .bss                timers.o
    0x20001004   0x0000a000   Zero   RW         5869    .bss                heap_4.o
    0x2000b004   0x000000a0   Zero   RW         6014    .bss                segger_sysview_freertos.o
    0x2000b0a4   0x000004b8   Zero   RW         6095    .bss                segger_rtt.o
    0x2000b55c   0x0000050b   Zero   RW         6335    .bss                segger_sysview.o
    0x2000ba67   0x00000001   PAD
    0x2000ba68   0x00000060   Zero   RW         7068    .bss                c_w.l(libspace.o)
    0x2000bac8   0x00000200   Zero   RW         2988    HEAP                startup_stm32f10x_hd.o
    0x2000bcc8   0x00000400   Zero   RW         2987    STACK               startup_stm32f10x_hd.o


==============================================================================

Image component sizes


      Code (inc. data)   RO Data    RW Data    ZI Data      Debug   Object Name

       524         34          0         76          0       6819   adc.o
      3790        444         38         13       1476      15176   can.o
      3606        486         86          0          0      28928   canard.o
         0          0          0          0          0      14248   croutine.o
       302         28          0          0        784       5905   data_builder.o
       300         36          0          4          0       3346   delay.o
       654         56          0          0          0     227711   ds1302.o
       674         44          0          0          0       6389   ds18.o
       632         96          0          0          0      16467   event_groups.o
       752        176          0         24      40960       3855   heap_4.o
      1700         58          0          2          0       7797   i2c.o
      9380       1238        616         56          0      31732   inv_mpu.o
      2520        120       3062          0         16      19900   inv_mpu_dmp_motion_driver.o
        64         12          0          0          0        487   led.o
       148          0          0          0          0       3050   list.o
      3640       1368          0         84        348     313464   main.o
        28          4          0          4          0       1242   message_layer.o
       172         22          0          0          0       2017   misc.o
       250          0          0          0          0       6059   ml_math_func.o
       200        146          0          0          0        563   mpu9250.o
       950        320          0         12          0      10113   port.o
      2692        274          0          0         64      16477   queue.o
       776         54          0          0       1208       8273   segger_rtt.o
      3012        190         26         13       1291      28023   segger_sysview.o
       132         90          0          0          0       1094   segger_sysview_config_freertos.o
       716         40         88          4        160       5740   segger_sysview_freertos.o
        64         26        304          0       1536        796   startup_stm32f10x_hd.o
       702         24          0          0          0      11163   stm32f10x_adc.o
      1180         12          0          0          0       5354   stm32f10x_can.o
       538         36          0          0          0       6128   stm32f10x_dma.o
       478         54          0          0          0       6642   stm32f10x_flash.o
       466          6          0          0          0       5051   stm32f10x_gpio.o
       532         20          0          0          0       9158   stm32f10x_i2c.o
        20          0          0          0          0      70017   stm32f10x_it.o
       396         56          0         20          0       6603   stm32f10x_rcc.o
      1266        150          0          0          0      13862   stm32f10x_tim.o
       408          6          0          0          0       4934   stm32f10x_usart.o
         0          0          0          0          0         32   sys.o
       328         28          0         20          0       2037   system_stm32f10x.o
      5334       1306          0         60        740      37577   tasks.o
      1466        352          0         20         40       9978   timers.o
      1846        142          0          0          0       8510   ultrasonic.o
       336         28          0          6        200       4603   usart.o

    ----------------------------------------------------------------------
     53042       7582       4256        424      48832     987320   Object Totals
         0          0         32          0          0          0   (incl. Generated)
        68          0          4          6          9          0   (incl. Padding)

    ----------------------------------------------------------------------

      Code (inc. data)   RO Data    RW Data    ZI Data      Debug   Library Member Name

        90          0          0          0          0          0   __dczerorl2.o
         8          0          0          0          0         68   __main.o
       352          0          0          0          0         88   __printf_ss_wp.o
        14          0          0          0          0         68   __printf_wp.o
         0          0          0          0          0          0   __rtentry.o
        12          0          0          0          0          0   __rtentry2.o
         6          0          0          0          0          0   __rtentry4.o
        52          8          0          0          0          0   __scatter.o
        28          0          0          0          0          0   __scatter_zi.o
        44          0          0          0          0        108   _printf_char.o
        48          6          0          0          0         96   _printf_char_common.o
        36          4          0          0          0         80   _printf_char_file.o
         6          0          0          0          0          0   _printf_d.o
       120         16          0          0          0         92   _printf_dec.o
         6          0          0          0          0          0   _printf_f.o
      1050          0          0          0          0        216   _printf_fp_dec.o
       128         16          0          0          0         84   _printf_fp_infnan.o
        88          4         40          0          0         88   _printf_hex_int.o
       178          0          0          0          0         88   _printf_intcommon.o
        78          0          0          0          0        108   _printf_pad.o
         0          0          0          0          0          0   _printf_percent.o
         4          0          0          0          0          0   _printf_percent_end.o
         6          0          0          0          0          0   _printf_s.o
        82          0          0          0          0         80   _printf_str.o
         6          0          0          0          0          0   _printf_x.o
        22          0          0          0          0         80   abort.o
        16          0          0          0          0         68   aeabi_memset.o
       128         42          0          0          0         76   assert.o
        20          0          0          0          0         76   assert_puts.o
       220          4        148          0          0         96   bigflt0.o
      1910        128          0          0          0        672   btod.o
        48         34          0          0          0         76   defsig_abrt_inner.o
        14          0          0          0          0         80   defsig_abrt_outer.o
        10          0          0          0          0         68   defsig_exit.o
        50          0          0          0          0         88   defsig_general.o
        18          0          0          0          0         80   exit.o
         8          0          0          0          0         68   ferror.o
         6          0          0          0          0        152   heapauxi.o
        44         10         28          0          0         76   lc_numeric_c.o
         2          0          0          0          0          0   libinit.o
        18          0          0          0          0          0   libinit2.o
         2          0          0          0          0          0   libshutdown.o
         2          0          0          0          0          0   libshutdown2.o
         8          4          0          0         96         68   libspace.o
        72          0          0          0          0         76   llsdiv.o
       138          0          0          0          0         80   lludiv10.o
       238          0          0          0          0        100   lludivv7m.o
        38          0          0          0          0         68   llushr.o
        88          0          0          0          0         76   memcmp.o
        24          4          0          0          0         84   noretval__2printf.o
         8          4          0          0          0         68   rt_locale_intlibspace.o
        68          0          0          0          0         68   rt_memclr.o
        78          0          0          0          0         80   rt_memclr_w.o
       138          0          0          0          0         68   rt_memcpy_v6.o
       100          0          0          0          0         80   rt_memcpy_w.o
         2          0          0          0          0          0   rtexit.o
        10          0          0          0          0          0   rtexit2.o
       128          0          0          0          0         68   strcmpv7m.o
        72          0          0          0          0         80   strcpy.o
        74          0          0          0          0         80   sys_stackheap_outer.o
         2          0          0          0          0         68   use_no_semi.o
         2          0          0          0          0         68   use_no_semi_2.o
        24          0          0          0          0         68   dcmpi.o
        94          4          0          0          0         92   dfix.o
        46          0          0          0          0         68   dflt_clz.o
       120          4          0          0          0         92   dleqf.o
       340         12          0          0          0        104   dmul.o
       156          4          0          0          0         92   dnaninf.o
        12          0          0          0          0         68   dretinf.o
       108          0          0          0          0         80   drleqf.o
        86          4          0          0          0         84   f2d.o
       430          8          0          0          0        168   faddsub_clz.o
        24          0          0          0          0         68   fcmpi.o
       388         76          0          0          0         96   fdiv.o
        54          4          0          0          0         84   ffix.o
        62          4          0          0          0         84   ffixu.o
        86          0          0          0          0        136   fflt_clz.o
       104          4          0          0          0         84   fleqf.o
       258          4          0          0          0         84   fmul.o
       140          4          0          0          0         84   fnaninf.o
        10          0          0          0          0         68   fretinf.o
        98          0          0          0          0         68   frleqf.o
         4          0          0          0          0         68   printf1.o
         0          0          0          0          0          0   usenofp.o
        40          0          0          0          0         68   fpclassify.o

    ----------------------------------------------------------------------
      8976        416        218          0         96       6208   Library Totals
        24          0          2          0          0          0   (incl. Padding)

    ----------------------------------------------------------------------

      Code (inc. data)   RO Data    RW Data    ZI Data      Debug   Library Name

      6268        284        216          0         96       4300   c_w.l
      2644        132          0          0          0       1840   fz_ws.l
        40          0          0          0          0         68   m_ws.l

    ----------------------------------------------------------------------
      8976        416        218          0         96       6208   Library Totals

    ----------------------------------------------------------------------

==============================================================================


      Code (inc. data)   RO Data    RW Data    ZI Data      Debug   

     62018       7998       4474        424      48928     968252   Grand Totals
     62018       7998       4474        128      48928     968252   ELF Image Totals (compressed)
     62018       7998       4474        128          0          0   ROM Totals

==============================================================================

    Total RO  Size (Code + RO Data)                66492 (  64.93kB)
    Total RW  Size (RW Data + ZI Data)             49352 (  48.20kB)
    Total ROM Size (Code + RO Data + RW Data)      66620 (  65.06kB)

==============================================================================

